Archive member included because of file (symbol)

icomlib.a(printf.o)           ssv6060-main.o (printf)
icomlib.a(boot-hiflying.o)    /tmp/ccMTaEw1.o (boot_main)
icomlib.a(contiki-main.o)     icomlib.a(boot-hiflying.o) (main)
icomlib.a(drv_uart.o)         icomlib.a(printf.o) (drv_uart_tx)
icomlib.a(hw_init.o)          icomlib.a(drv_uart.o) (ssv_delay)
icomlib.a(hw_regs_api.o)      icomlib.a(hw_init.o) (hw_reg_write)
icomlib.a(ssv_lib.o)          icomlib.a(printf.o) (strlen)
icomlib.a(systemconf.o)       icomlib.a(hw_init.o) (gwifistatus)
icomlib.a(wdog_api.o)         icomlib.a(contiki-main.o) (watchdog_process)
icomlib.a(smartSetting.o)     icomlib.a(systemconf.o) (register_smart_feature)
icomlib.a(smartConf.o)        icomlib.a(smartSetting.o) (clearSmartLinkBuf)
icomlib.a(bsp.o)              icomlib.a(hw_init.o) (set_mrx_filter_sta)
icomlib.a(crypthw.o)          icomlib.a(hw_init.o) (g_soc_table)
icomlib.a(dbg-atcmd-api.o)    icomlib.a(hw_init.o) (UpdateConf)
icomlib.a(drv_mac.o)          icomlib.a(dbg-atcmd-api.o) (SET_STA_MAC)
icomlib.a(drv_phy.o)          icomlib.a(hw_init.o) (drv_phy_init)
icomlib.a(drv_pktbuf.o)       icomlib.a(dbg-atcmd-api.o) (setpacketbuf_len)
icomlib.a(drv_pktbuf_slow)    icomlib.a(wdog_api.o) (ssv6xxx_pbuf_dump_reg)
icomlib.a(ieee80211_mgmt.)    icomlib.a(systemconf.o) (reset_AvailableIndex)
icomlib.a(ieee80211_rdc.o)    icomlib.a(dbg-atcmd-api.o) (ieee80211_rdc)
icomlib.a(irq.o)              icomlib.a(wdog_api.o) (irq_mask_disable)
icomlib.a(netstack.o)         icomlib.a(contiki-main.o) (netstack_init)
icomlib.a(powersave.o)        icomlib.a(ieee80211_mgmt.) (is_waketime_alive)
icomlib.a(rate_control.o)     icomlib.a(ieee80211_mgmt.) (init_ratecontrol)
icomlib.a(soft_ap.o)          icomlib.a(hw_init.o) (gwpa_ap)
icomlib.a(ssv6200_rx.o)       icomlib.a(powersave.o) (is_tx_active)
icomlib.a(ssvradio.o)         icomlib.a(ssv6200_rx.o) (ssv6200_radio_retrans)
icomlib.a(wpa.o)              icomlib.a(ieee80211_mgmt.) (init_wpa_ctx)
icomlib.a(sys_status_api.)    icomlib.a(smartConf.o) (get_local_ipaddr)
icomlib.a(aes.o)              icomlib.a(wpa.o) (aes_wrap2)
icomlib.a(arc4.o)             icomlib.a(smartConf.o) (arc4_setkey)
icomlib.a(wep.o)              icomlib.a(ieee80211_mgmt.) (getAuthChallengeTextLen)
icomlib.a(autostart.o)        icomlib.a(contiki-main.o) (autostart_start)
icomlib.a(etimer.o)           icomlib.a(wdog_api.o) (etimer_set)
icomlib.a(process.o)          icomlib.a(powersave.o) (process_exit)
icomlib.a(random.o)           icomlib.a(wpa.o) (random_rand)
icomlib.a(timer.o)            icomlib.a(etimer.o) (timer_set)
icomlib.a(atcmdlib.o)         icomlib.a(ieee80211_mgmt.) (atcmdprintf)
icomlib.a(atcmd_icomm.o)      icomlib.a(contiki-main.o) (at_cmd_start)
icomlib.a(clock.o)            icomlib.a(contiki-main.o) (clock_init)
icomlib.a(console.o)          icomlib.a(contiki-main.o) (console_init)
icomlib.a(drv_flash.o)        icomlib.a(systemconf.o) (drv_flash_get_cache_addr)
icomlib.a(drv_pmu.o)          icomlib.a(powersave.o) (drv_pmu_powersave_mode)
icomlib.a(drv_timer.o)        icomlib.a(soft_ap.o) (hwtmr_stop)
icomlib.a(drv_wdog.o)         icomlib.a(wdog_api.o) (drv_wdog_reboot)
icomlib.a(fence.o)            icomlib.a(bsp.o) (fence_init)
icomlib.a(flash_api.o)        icomlib.a(systemconf.o) (spi_flash_sector_erase)
icomlib.a(smartComm.o)        icomlib.a(smartConf.o) (clear_mac_bssid)
icomlib.a(ssv_lib_slow.o)     icomlib.a(dbg-atcmd-api.o) (mac_atoi)
icomlib.a(swpwm.o)            icomlib.a(clock.o) (initSwPWM)
icomlib.a(userSmart.o)        icomlib.a(ssv6200_rx.o) (rx_process_userSmart)
icomlib.a(hash_alg.o)         icomlib.a(wpa.o) (hmac_md5_cal)
icomlib.a(hmac_md5.o)         icomlib.a(hash_alg.o) (hmac_md5_init)
icomlib.a(hmac_sha1.o)        icomlib.a(hash_alg.o) (hmac_sha1_init)
icomlib.a(ieee80211_mac.o)    icomlib.a(ssv6200_rx.o) (eapoladdr)
icomlib.a(ieee80211_net.o)    icomlib.a(netstack.o) (ieee80211_net)
icomlib.a(sha1.o)             icomlib.a(hmac_sha1.o) (sha1hw_init)
icomlib.a(ssv6200_tx.o)       icomlib.a(ssvradio.o) (ssv6200_transmit)
icomlib.a(md5.o)              icomlib.a(hmac_md5.o) (MD5Init)
icomlib.a(shell-ping.o)       icomlib.a(atcmd_icomm.o) (ping_start)
icomlib.a(drv_fence.o)        icomlib.a(fence.o) (hwfence_init)
icomlib.a(drv_gpio.o)         icomlib.a(swpwm.o) (get_PAD_Addr)
icomlib.a(gpio_api.o)         icomlib.a(swpwm.o) (pinMode)
icomlib.a(drv_mbox.o)         icomlib.a(ssv6200_tx.o) (drv_mailbox_cpu_ff)
icomlib.a(EAPOL.o)            icomlib.a(ieee80211_net.o) (rx_process_eapol)
icomapps.a(atcmd_mqtt.o)      ssv6060-main.o (AT_MQTT_INIT)
icomapps.a(atcmd.o)           icomlib.a(systemconf.o) (update_uart_config)
icomapps.a(bsp_info.o)        icomlib.a(contiki-main.o) (bsp_get_boot_info)
icomapps.a(data_buff.o)       icomapps.a(atcmd_mqtt.o) (free_queue_buff)
icomapps.a(hx_sta_conn.o)     icomlib.a(smartConf.o) (hx_update_ap_info)
icomapps.a(iperf_cmd.o)       ssv6060-main.o (AT_IPERF_CMD)
[...]
Memory Configuration

Name             Origin             Length             Attributes
flash            0x03000000         0x00080000         xr
ram              0x02000000         0x00030000         xrw
*default*        0x00000000         0xffffffff

Linker script and memory map

                0x00080000                _flash_size_ = 0x80000
                0x00030000                _ram_size_ = 0x30000
                0x02030000                __stack_end__ = (ORIGIN (ram) + 0x30000)
                0x00004000                _boot_size = 0x4000
                0x03000000                . = ORIGIN (flash)
                0x03000000                _sitxt0 = .

startup         0x03000000      0x190
 *(.startup1)
 .startup1      0x03000000       0x50 /tmp/ccMTaEw1.o
 *(.startup2)
 .startup2      0x03000050      0x140 /tmp/ccMTaEw1.o
                0x03000164                endless_loop
                0x03000190                . = ALIGN (0x10)
                0x02029000                _vma_boot_text_beg = ((ORIGIN (ram) + 0x30000) - 0x7000)
                0x03000190                _sitxt0a = (_sitxt0 + SIZEOF (startup))
                0x03004000                . = (ORIGIN (flash) + _boot_size)
                0x03004000                _sitxt2 = .

prog_in_flash   0x03004000    0x46708
 *(.vars_second_boot)
 .vars_second_boot
                0x03004000       0x48 /tmp/ccMTaEw1.o
 icomlib.a:contiki-main.o(.text.startup.main)
 .text.startup.main
                0x03004048      0x10c icomlib.a(contiki-main.o)
                0x03004048                main
 *(EXCLUDE_FILE(icomlib.a:ssv_lib.o icomlib.a:sha256.o icomlib.a:sha384.o icomlib.a:sha512.o icomlib.a:pstmsqrcomba.o icomlib.a:pstmmulcomba.o icomlib.a:pstmmonreduce.o icomlib.a:pstm.o icomlib.a:aes.o icomlib.a:sha1ssl.o contikilib.a:socket_driver.o icomlib.a:powersave.o icomlib.a:hw_regs_api.o icomlib.a:flash_api.o icomlib.a:drv_flash.o icomlib.a:xmem.o icomlib.a:soft_ap.o icomlib.a:debug-uart.o icomlib.a:printf.o icomlib.a:rate_control.o icomlib.a:ssv6200_tx.o icomlib.a:ssv6200_rx.o icomlib.a:ssvradio.o icomlib.a:drv_pktbuf.o icomlib.a:packetbuf.o icomlib.a:ieee80211_rdc.o icomlib.a:ieee80211_net.o contikilib.a:tcpip.o icomlib.a:etimer.o icomlib.a:clock.o icomlib.a:timer.o contikilib.a:uip-split.o contikilib.a:uip.o icomlib.a:boot-hiflying.o /usr/bin/../lib/gcc/arm-none-eabi/4.8.4/libgcc.a:_udivsi3.o /usr/bin/../lib/gcc/arm-none-eabi/4.8.4/libgcc.a:_divsi3.o /usr/bin/../lib/gcc/arm-none-eabi/4.8.4/libgcc.a:_dvmd_tls.o /usr/bin/../lib/gcc/arm-none-eabi/4.8.4/libgcc.a:_udivdi3.o /usr/bin/../lib/gcc/arm-none-eabi/4.8.4/libgcc.a:bpabi.o /usr/bin/../lib/gcc/arm-none-eabi/4.8.4/libgcc.a:_divdi3.o /usr/bin/../lib/gcc/arm-none-eabi/4.8.4/libgcc.a:_aeabi_uldivmod.o) .text*)
 .text          0x03004154        0x0 /tmp/ccMTaEw1.o
 .text          0x03004154       0x54 /tmp/ccSraQUE.o
                0x03004158                relocate
 .text          0x030041a8        0x0 ssv6060-main.o
 .text.process_thread_main_process
                0x030041a8       0x5c ssv6060-main.o
 .text.AT_HIDE_MSG
                0x03004204       0xe8 ssv6060-main.o
                0x03004204                AT_HIDE_MSG
 .text          0x030042ec        0x0 icomlib.a(contiki-main.o)
 .text.test_rtimer
                0x030042ec        0xc icomlib.a(contiki-main.o)
                0x030042ec                test_rtimer
 .text.send_frame_rtimer
                0x030042f8        0xc icomlib.a(contiki-main.o)
                0x030042f8                send_frame_rtimer
 .text.dump_boot_message
                0x03004304       0x60 icomlib.a(contiki-main.o)
                0x03004304                dump_boot_message
 .text.get_all_config
                0x03004364       0x38 icomlib.a(contiki-main.o)
                0x03004364                get_all_config
 .text.log_init
                0x0300439c       0x78 icomlib.a(contiki-main.o)
                0x0300439c                log_init
 .text          0x03004414        0x0 icomlib.a(drv_uart.o)
 .text.drv_uart_init
                0x03004414       0x78 icomlib.a(drv_uart.o)
                0x03004414                drv_uart_init
 .text.drv_uart_tx_0
                0x0300448c        0xc icomlib.a(drv_uart.o)
                0x0300448c                drv_uart_tx_0
 .text.drv_uart_is_tx_busy_0
                0x03004498       0x18 icomlib.a(drv_uart.o)
                0x03004498                drv_uart_is_tx_busy_0
 .text.drv_uart_multiple_tx_0
                0x030044b0       0x34 icomlib.a(drv_uart.o)
                0x030044b0                drv_uart_multiple_tx_0
 .text.drv_uart_get_uart_fifo_length_0
                0x030044e4        0x8 icomlib.a(drv_uart.o)
                0x030044e4                drv_uart_get_uart_fifo_length_0
 .text.drv_uart_enable_tx_int_0
                0x030044ec       0x14 icomlib.a(drv_uart.o)
                0x030044ec                drv_uart_enable_tx_int_0
 .text.drv_uart_disable_tx_int_0
                0x03004500       0x14 icomlib.a(drv_uart.o)
                0x03004500                drv_uart_disable_tx_int_0
 .text.drv_uart_enable_rx_int_0
                0x03004514       0x14 icomlib.a(drv_uart.o)
                0x03004514                drv_uart_enable_rx_int_0
 .text.drv_uart_disable_rx_int_0
                0x03004528       0x14 icomlib.a(drv_uart.o)
                0x03004528                drv_uart_disable_rx_int_0
 .text.drv_datauart_init
                0x0300453c      0x160 icomlib.a(drv_uart.o)
                0x0300453c                drv_datauart_init
 .text.drv_datauart_Deinit
                0x0300469c       0x58 icomlib.a(drv_uart.o)
                0x0300469c                drv_datauart_Deinit
 .text.drv_datauart_conf
                0x030046f4       0x7c icomlib.a(drv_uart.o)
                0x030046f4                drv_datauart_conf
 .text          0x03004770        0x0 icomlib.a(hw_init.o)
 .text.hw_tbl_write
                0x03004770       0x60 icomlib.a(hw_init.o)
 .text.modulator_and_pll_reset
                0x030047d0       0xd4 icomlib.a(hw_init.o)
                0x030047d0                modulator_and_pll_reset
 .text.ssv6xxx_phy_disable
                0x030048a4       0x14 icomlib.a(hw_init.o)
                0x030048a4                ssv6xxx_phy_disable
 .text.ssv6xxx_mac_disable
                0x030048b8       0x14 icomlib.a(hw_init.o)
                0x030048b8                ssv6xxx_mac_disable
 .text.ssv6xxx_hw_rf_phy_mac_reset
                0x030048cc      0x228 icomlib.a(hw_init.o)
                0x030048cc                ssv6xxx_hw_rf_phy_mac_reset
 .text.ssv6xxx_hw_radio_init
                0x03004af4      0x1b0 icomlib.a(hw_init.o)
                0x03004af4                ssv6xxx_hw_radio_init
 .text          0x03004ca4        0x0 icomlib.a(systemconf.o)
 .text.gconfig_gen_header_to_mem
                0x03004ca4       0x3c icomlib.a(systemconf.o)
                0x03004ca4                gconfig_gen_header_to_mem
 .text.gconfig_gen_config_to_mem
                0x03004ce0       0x48 icomlib.a(systemconf.o)
                0x03004ce0                gconfig_gen_config_to_mem
 .text.gconfig_gen_config_table
                0x03004d28      0x114 icomlib.a(systemconf.o)
                0x03004d28                gconfig_gen_config_table
 .text.gconfig_save_config
                0x03004e3c       0x48 icomlib.a(systemconf.o)
                0x03004e3c                gconfig_save_config
 .text.gconfig_set_softap_ssid
                0x03004e84       0xb0 icomlib.a(systemconf.o)
                0x03004e84                gconfig_set_softap_ssid
 .text.gconfig_set_enable_smart
                0x03004f34       0x74 icomlib.a(systemconf.o)
                0x03004f34                gconfig_set_enable_smart
 .text.gconfig_set_auto_connect
                0x03004fa8       0x40 icomlib.a(systemconf.o)
                0x03004fa8                gconfig_set_auto_connect
 .text.gconfig_init_global_conf_by_define
                0x03004fe8       0x14 icomlib.a(systemconf.o)
                0x03004fe8                gconfig_init_global_conf_by_define
 .text.reset_global_conf
                0x03004ffc       0x3c icomlib.a(systemconf.o)
                0x03004ffc                reset_global_conf
 .text.remove_sysconfig
                0x03005038       0x58 icomlib.a(systemconf.o)
                0x03005038                remove_sysconfig
 .text.write_wifi_config
                0x03005090       0xa4 icomlib.a(systemconf.o)
                0x03005090                write_wifi_config
 .text.read_wifi_config
                0x03005134       0x90 icomlib.a(systemconf.o)
                0x03005134                read_wifi_config
 .text.init_global_conf
                0x030051c4      0x10c icomlib.a(systemconf.o)
                0x030051c4                init_global_conf
 .text.clear_ap_lists
                0x030052d0       0x3c icomlib.a(systemconf.o)
                0x030052d0                clear_ap_lists
 .text          0x0300530c        0x0 icomlib.a(wdog_api.o)
 .text.process_thread_watchdog_process
                0x0300530c       0xe8 icomlib.a(wdog_api.o)
 .text.api_wdog_reboot
                0x030053f4        0x4 icomlib.a(wdog_api.o)
                0x030053f4                api_wdog_reboot
 .text.api_wdog_period_5000ms
                0x030053f8        0x4 icomlib.a(wdog_api.o)
                0x030053f8                api_wdog_period_5000ms
 .text.api_wdog_period_10000ms
                0x030053fc        0x4 icomlib.a(wdog_api.o)
                0x030053fc                api_wdog_period_10000ms
 .text.api_wdog_period_cutommed
                0x03005400        0x4 icomlib.a(wdog_api.o)
                0x03005400                api_wdog_period_cutommed
 .text.api_wdog_stop
                0x03005404        0x4 icomlib.a(wdog_api.o)
                0x03005404                api_wdog_stop
 .text.clear_rx_fifo
                0x03005408       0xc8 icomlib.a(wdog_api.o)
                0x03005408                clear_rx_fifo
 .text          0x030054d0        0x0 icomlib.a(smartSetting.o)
 .text.init_smart_feature
                0x030054d0       0x24 icomlib.a(smartSetting.o)
                0x030054d0                init_smart_feature
 .text.clear_smart_feature_buf
                0x030054f4       0x24 icomlib.a(smartSetting.o)
                0x030054f4                clear_smart_feature_buf
 .text.register_smart_feature
                0x03005518       0x88 icomlib.a(smartSetting.o)
                0x03005518                register_smart_feature
 .text          0x030055a0        0x0 icomlib.a(smartConf.o)
 .text.clearSmartLinkBuf
                0x030055a0       0x74 icomlib.a(smartConf.o)
                0x030055a0                clearSmartLinkBuf
 .text.clearAllSmartLinkBuf
                0x03005614       0x48 icomlib.a(smartConf.o)
                0x03005614                clearAllSmartLinkBuf
 .text.resetSmartLink
                0x0300565c       0x50 icomlib.a(smartConf.o)
                0x0300565c                resetSmartLink
 .text.process_thread_smart_conf_process
                0x030056ac      0x1a0 icomlib.a(smartConf.o)
 .text.initSmartLink
                0x0300584c       0xc0 icomlib.a(smartConf.o)
                0x0300584c                initSmartLink
 .text          0x0300590c        0x0 icomlib.a(bsp.o)
 .text.set_mrx_filter_sta
                0x0300590c      0x264 icomlib.a(bsp.o)
                0x0300590c                set_mrx_filter_sta
 .text.set_softap_trap_enable
                0x03005b70       0x14 icomlib.a(bsp.o)
                0x03005b70                set_softap_trap_enable
 .text.set_softap_trap_disable
                0x03005b84       0x14 icomlib.a(bsp.o)
                0x03005b84                set_softap_trap_disable
 .text.set_mrx_filter_softap_beacon_on
                0x03005b98       0x20 icomlib.a(bsp.o)
                0x03005b98                set_mrx_filter_softap_beacon_on
 .text.set_mrx_filter_softap_beacon_off
                0x03005bb8       0x20 icomlib.a(bsp.o)
                0x03005bb8                set_mrx_filter_softap_beacon_off
 .text.set_mrx_filter_softap
                0x03005bd8      0x260 icomlib.a(bsp.o)
                0x03005bd8                set_mrx_filter_softap
 .text.chk_chip_valid
                0x03005e38       0x2c icomlib.a(bsp.o)
                0x03005e38                chk_chip_valid
 .text.bsp_init
                0x03005e64       0x8c icomlib.a(bsp.o)
                0x03005e64                bsp_init
 .text.enable_dcdc_mode
                0x03005ef0       0x20 icomlib.a(bsp.o)
                0x03005ef0                enable_dcdc_mode
 .text          0x03005f10        0x0 icomlib.a(crypthw.o)
 .text.drv_id_mng_alloc
                0x03005f10       0x7c icomlib.a(crypthw.o)
                0x03005f10                drv_id_mng_alloc
 .text.PBUF_MAlloc_Raw
                0x03005f8c       0x50 icomlib.a(crypthw.o)
                0x03005f8c                PBUF_MAlloc_Raw
 .text.wpa_drv_init
                0x03005fdc       0x40 icomlib.a(crypthw.o)
                0x03005fdc                wpa_drv_init
 .text.soft_mac_init
                0x0300601c       0x68 icomlib.a(crypthw.o)
                0x0300601c                soft_mac_init
 .text          0x03006084        0x0 icomlib.a(dbg-atcmd-api.o)
 .text.Index2Power
                0x03006084       0x20 icomlib.a(dbg-atcmd-api.o)
                0x03006084                Index2Power
 .text.LogTemperature
                0x030060a4       0x94 icomlib.a(dbg-atcmd-api.o)
                0x030060a4                LogTemperature
 .text.Channel2Index
                0x03006138       0x1c icomlib.a(dbg-atcmd-api.o)
                0x03006138                Channel2Index
 .text.Gain2Power
                0x03006154      0x15c icomlib.a(dbg-atcmd-api.o)
                0x03006154                Gain2Power
 .text.Power2BGain
                0x030062b0      0x1a0 icomlib.a(dbg-atcmd-api.o)
                0x030062b0                Power2BGain
 .text.Power2GGain
                0x03006450      0x1a0 icomlib.a(dbg-atcmd-api.o)
                0x03006450                Power2GGain
 .text.GetDefaultGain
                0x030065f0       0xb4 icomlib.a(dbg-atcmd-api.o)
                0x030065f0                GetDefaultGain
 .text.Freq2P   0x030066a4       0x14 icomlib.a(dbg-atcmd-api.o)
                0x030066a4                Freq2P
 .text.Freq2N   0x030066b8       0x14 icomlib.a(dbg-atcmd-api.o)
                0x030066b8                Freq2N
 .text.GetLDO1  0x030066cc       0x14 icomlib.a(dbg-atcmd-api.o)
                0x030066cc                GetLDO1
 .text.GetLDO2  0x030066e0        0xc icomlib.a(dbg-atcmd-api.o)
                0x030066e0                GetLDO2
 .text.GetPA1   0x030066ec        0xc icomlib.a(dbg-atcmd-api.o)
                0x030066ec                GetPA1
 .text.GetPA2   0x030066f8       0x10 icomlib.a(dbg-atcmd-api.o)
                0x030066f8                GetPA2
 .text.GetPA3   0x03006708        0xc icomlib.a(dbg-atcmd-api.o)
                0x03006708                GetPA3
 .text.Param2Table
                0x03006714      0x288 icomlib.a(dbg-atcmd-api.o)
                0x03006714                Param2Table
 .text.Flash2Table
                0x0300699c       0x40 icomlib.a(dbg-atcmd-api.o)
                0x0300699c                Flash2Table
 .text.Register2Table
                0x030069dc       0xd4 icomlib.a(dbg-atcmd-api.o)
                0x030069dc                Register2Table
 .text.UpdateConf
                0x03006ab0      0x3b4 icomlib.a(dbg-atcmd-api.o)
                0x03006ab0                UpdateConf
 .text.drv_phy_wait_rdy2
                0x03006e64       0x30 icomlib.a(dbg-atcmd-api.o)
                0x03006e64                drv_phy_wait_rdy2
 .text.mac_transfer
                0x03006e94       0x40 icomlib.a(dbg-atcmd-api.o)
                0x03006e94                mac_transfer
 .text.serial_transfer
                0x03006ed4       0x58 icomlib.a(dbg-atcmd-api.o)
                0x03006ed4                serial_transfer
 .text._DBG_AT_SET_PEERMAC
                0x03006f2c       0x2c icomlib.a(dbg-atcmd-api.o)
                0x03006f2c                _DBG_AT_SET_PEERMAC
 .text._DBG_AT_SET_PEERMAC_SOFTAP
                0x03006f58       0x38 icomlib.a(dbg-atcmd-api.o)
                0x03006f58                _DBG_AT_SET_PEERMAC_SOFTAP
 .text._DBG_AT_RESET_PEERMAC_SOFTAP
                0x03006f90       0x38 icomlib.a(dbg-atcmd-api.o)
                0x03006f90                _DBG_AT_RESET_PEERMAC_SOFTAP
 .text._DBG_AT_SET_CHANNEL
                0x03006fc8       0x50 icomlib.a(dbg-atcmd-api.o)
                0x03006fc8                _DBG_AT_SET_CHANNEL
 .text._DBG_AT_SET_MAC
                0x03007018        0x4 icomlib.a(dbg-atcmd-api.o)
                0x03007018                _DBG_AT_SET_MAC
 .text._DBG_AT_SET_BSSID
                0x0300701c        0x4 icomlib.a(dbg-atcmd-api.o)
                0x0300701c                _DBG_AT_SET_BSSID
 .text._DBG_AT_SEND
                0x03007020       0x58 icomlib.a(dbg-atcmd-api.o)
                0x03007020                _DBG_AT_SEND
 .text.process_thread_start_tx_process
                0x03007078      0x120 icomlib.a(dbg-atcmd-api.o)
 .text.RFStart  0x03007198      0x2c0 icomlib.a(dbg-atcmd-api.o)
                0x03007198                RFStart
 .text.RFRate   0x03007458      0x2c0 icomlib.a(dbg-atcmd-api.o)
                0x03007458                RFRate
 .text.RFBGain  0x03007718       0xa4 icomlib.a(dbg-atcmd-api.o)
                0x03007718                RFBGain
 .text.RFGNGain
                0x030077bc       0xa4 icomlib.a(dbg-atcmd-api.o)
                0x030077bc                RFGNGain
 .text.RFIQPhase
                0x03007860       0xbc icomlib.a(dbg-atcmd-api.o)
                0x03007860                RFIQPhase
 .text.RFIQAmp  0x0300791c       0xbc icomlib.a(dbg-atcmd-api.o)
                0x0300791c                RFIQAmp
 .text.RFStop   0x030079d8       0x38 icomlib.a(dbg-atcmd-api.o)
                0x030079d8                RFStop
 .text.RFReset  0x03007a10      0x444 icomlib.a(dbg-atcmd-api.o)
                0x03007a10                RFReset
 .text.RFCount  0x03007e54       0x64 icomlib.a(dbg-atcmd-api.o)
                0x03007e54                RFCount
 .text.RFFreqOffset
                0x03007eb8      0x124 icomlib.a(dbg-atcmd-api.o)
                0x03007eb8                RFFreqOffset
 .text.RFTempcsHT
                0x03007fdc       0xd4 icomlib.a(dbg-atcmd-api.o)
                0x03007fdc                RFTempcsHT
 .text.RFTempcsRT
                0x030080b0       0xd4 icomlib.a(dbg-atcmd-api.o)
                0x030080b0                RFTempcsRT
 .text.RFTempcsLT
                0x03008184       0xd4 icomlib.a(dbg-atcmd-api.o)
                0x03008184                RFTempcsLT
 .text.ReadTemperature
                0x03008258       0xd4 icomlib.a(dbg-atcmd-api.o)
                0x03008258                ReadTemperature
 .text.process_thread_temperature_compensator_process
                0x0300832c      0x30c icomlib.a(dbg-atcmd-api.o)
 .text.EnableTemperatureCompensator
                0x03008638       0x1c icomlib.a(dbg-atcmd-api.o)
                0x03008638                EnableTemperatureCompensator
 .text.DumpRFParam
                0x03008654      0x104 icomlib.a(dbg-atcmd-api.o)
                0x03008654                DumpRFParam
 .text.WriteTable2Flash
                0x03008758       0xe8 icomlib.a(dbg-atcmd-api.o)
                0x03008758                WriteTable2Flash
 .text.RFSetLDO
                0x03008840       0x9c icomlib.a(dbg-atcmd-api.o)
                0x03008840                RFSetLDO
 .text.RFSetPA1
                0x030088dc       0x78 icomlib.a(dbg-atcmd-api.o)
                0x030088dc                RFSetPA1
 .text.RFSetPA2
                0x03008954       0x78 icomlib.a(dbg-atcmd-api.o)
                0x03008954                RFSetPA2
 .text.RFSetPA3
                0x030089cc       0x78 icomlib.a(dbg-atcmd-api.o)
                0x030089cc                RFSetPA3
 .text.RFSetXTAL
                0x03008a44       0x70 icomlib.a(dbg-atcmd-api.o)
                0x03008a44                RFSetXTAL
 .text.RFSetFlashXTAL
                0x03008ab4       0xb4 icomlib.a(dbg-atcmd-api.o)
                0x03008ab4                RFSetFlashXTAL
 .text.SetTemperatureBoundary
                0x03008b68       0xa4 icomlib.a(dbg-atcmd-api.o)
                0x03008b68                SetTemperatureBoundary
 .text.SingleCarrier
                0x03008c0c       0xac icomlib.a(dbg-atcmd-api.o)
                0x03008c0c                SingleCarrier
 .text.WriteMac2Flash
                0x03008cb8       0x9c icomlib.a(dbg-atcmd-api.o)
                0x03008cb8                WriteMac2Flash
 .text.ReadMacFromFlash
                0x03008d54       0x1c icomlib.a(dbg-atcmd-api.o)
                0x03008d54                ReadMacFromFlash
 .text.WriteSerial2Flash
                0x03008d70       0x94 icomlib.a(dbg-atcmd-api.o)
                0x03008d70                WriteSerial2Flash
 .text.ReadSerialFromFlash
                0x03008e04       0x1c icomlib.a(dbg-atcmd-api.o)
                0x03008e04                ReadSerialFromFlash
 .text.SetRFCallback
                0x03008e20       0x1c icomlib.a(dbg-atcmd-api.o)
                0x03008e20                SetRFCallback
 .text.At_RadioChannel
                0x03008e3c       0xb4 icomlib.a(dbg-atcmd-api.o)
                0x03008e3c                At_RadioChannel
 .text.At_RadioRFStart
                0x03008ef0       0x80 icomlib.a(dbg-atcmd-api.o)
                0x03008ef0                At_RadioRFStart
 .text.At_RadioRFRate
                0x03008f70       0x94 icomlib.a(dbg-atcmd-api.o)
                0x03008f70                At_RadioRFRate
 .text.At_RadioRFBGain
                0x03009004       0x90 icomlib.a(dbg-atcmd-api.o)
                0x03009004                At_RadioRFBGain
 .text.At_RadioRFGNGain
                0x03009094       0x90 icomlib.a(dbg-atcmd-api.o)
                0x03009094                At_RadioRFGNGain
 .text.At_RadioRFIQPhase
                0x03009124       0x34 icomlib.a(dbg-atcmd-api.o)
                0x03009124                At_RadioRFIQPhase
 .text.At_RadioRFIQAmp
                0x03009158       0x34 icomlib.a(dbg-atcmd-api.o)
                0x03009158                At_RadioRFIQAmp
 .text.At_RadioRFStop
                0x0300918c       0x3c icomlib.a(dbg-atcmd-api.o)
                0x0300918c                At_RadioRFStop
 .text.At_RadioRFReset
                0x030091c8        0x4 icomlib.a(dbg-atcmd-api.o)
                0x030091c8                At_RadioRFReset
 .text.At_RadioRFCount
                0x030091cc       0x6c icomlib.a(dbg-atcmd-api.o)
                0x030091cc                At_RadioRFCount
 .text.At_RadioRFFreqOffset
                0x03009238       0xa0 icomlib.a(dbg-atcmd-api.o)
                0x03009238                At_RadioRFFreqOffset
 .text.At_RadioRFTempcsHT
                0x030092d8       0x4c icomlib.a(dbg-atcmd-api.o)
                0x030092d8                At_RadioRFTempcsHT
 .text.At_RadioRFTempcsRT
                0x03009324       0x4c icomlib.a(dbg-atcmd-api.o)
                0x03009324                At_RadioRFTempcsRT
 .text.At_RadioRFTempcsLT
                0x03009370       0x4c icomlib.a(dbg-atcmd-api.o)
                0x03009370                At_RadioRFTempcsLT
 .text.At_RadioRFReadTempcs
                0x030093bc       0x38 icomlib.a(dbg-atcmd-api.o)
                0x030093bc                At_RadioRFReadTempcs
 .text.At_RadioRFEnableTCSR
                0x030093f4       0x2c icomlib.a(dbg-atcmd-api.o)
                0x030093f4                At_RadioRFEnableTCSR
 .text.At_RadioRFDump
                0x03009420       0x38 icomlib.a(dbg-atcmd-api.o)
                0x03009420                At_RadioRFDump
 .text.At_RadioRFSetHT
                0x03009458       0x38 icomlib.a(dbg-atcmd-api.o)
                0x03009458                At_RadioRFSetHT
 .text.At_RadioRFSetRT
                0x03009490       0x38 icomlib.a(dbg-atcmd-api.o)
                0x03009490                At_RadioRFSetRT
 .text.At_RadioRFSetLT
                0x030094c8       0x38 icomlib.a(dbg-atcmd-api.o)
                0x030094c8                At_RadioRFSetLT
 .text.At_RadioRFLDO
                0x03009500       0xb4 icomlib.a(dbg-atcmd-api.o)
                0x03009500                At_RadioRFLDO
 .text.At_RadioRFPA1
                0x030095b4       0x94 icomlib.a(dbg-atcmd-api.o)
                0x030095b4                At_RadioRFPA1
 .text.At_RadioRFPA2
                0x03009648       0x94 icomlib.a(dbg-atcmd-api.o)
                0x03009648                At_RadioRFPA2
 .text.At_RadioRFPA3
                0x030096dc       0x94 icomlib.a(dbg-atcmd-api.o)
                0x030096dc                At_RadioRFPA3
 .text.At_RadioRFXTAL
                0x03009770       0x34 icomlib.a(dbg-atcmd-api.o)
                0x03009770                At_RadioRFXTAL
 .text.At_RadioRFFlashXTAL
                0x030097a4       0x60 icomlib.a(dbg-atcmd-api.o)
                0x030097a4                At_RadioRFFlashXTAL
 .text.At_RadioRFTempBoundary
                0x03009804       0xb4 icomlib.a(dbg-atcmd-api.o)
                0x03009804                At_RadioRFTempBoundary
 .text.At_RadioRFSingle
                0x030098b8       0x28 icomlib.a(dbg-atcmd-api.o)
                0x030098b8                At_RadioRFSingle
 .text.At_RadioWriteMAC
                0x030098e0       0x44 icomlib.a(dbg-atcmd-api.o)
                0x030098e0                At_RadioWriteMAC
 .text.At_RadioReadMAC
                0x03009924       0x60 icomlib.a(dbg-atcmd-api.o)
                0x03009924                At_RadioReadMAC
 .text.At_RadioWriteSerial
                0x03009984       0x48 icomlib.a(dbg-atcmd-api.o)
                0x03009984                At_RadioWriteSerial
 .text.At_RadioReadSerial
                0x030099cc       0xb0 icomlib.a(dbg-atcmd-api.o)
                0x030099cc                At_RadioReadSerial
 .text.At_RadioRFRegisterDump
                0x03009a7c       0x50 icomlib.a(dbg-atcmd-api.o)
                0x03009a7c                At_RadioRFRegisterDump
 .text.At_RadioPHYRegisterDump
                0x03009acc       0x38 icomlib.a(dbg-atcmd-api.o)
                0x03009acc                At_RadioPHYRegisterDump
 .text.At_RadioSelfCheck
                0x03009b04      0x470 icomlib.a(dbg-atcmd-api.o)
                0x03009b04                At_RadioSelfCheck
 .text.Radio_Command
                0x03009f74      0x2f0 icomlib.a(dbg-atcmd-api.o)
                0x03009f74                Radio_Command
 .text.Parse_Radio_Command
                0x0300a264       0x88 icomlib.a(dbg-atcmd-api.o)
                0x0300a264                Parse_Radio_Command
 .text          0x0300a2ec        0x0 icomlib.a(drv_mac.o)
 .text.SET_STA_MAC
                0x0300a2ec       0x74 icomlib.a(drv_mac.o)
                0x0300a2ec                SET_STA_MAC
 .text.GET_STA_MAC
                0x0300a360       0x4c icomlib.a(drv_mac.o)
                0x0300a360                GET_STA_MAC
 .text.SET_BSSID
                0x0300a3ac       0x74 icomlib.a(drv_mac.o)
                0x0300a3ac                SET_BSSID
 .text.GET_BSSID
                0x0300a420       0x4c icomlib.a(drv_mac.o)
                0x0300a420                GET_BSSID
 .text.SET_PEER_MAC0
                0x0300a46c       0x74 icomlib.a(drv_mac.o)
                0x0300a46c                SET_PEER_MAC0
 .text.GET_PEER_MAC0
                0x0300a4e0       0x4c icomlib.a(drv_mac.o)
                0x0300a4e0                GET_PEER_MAC0
 .text.SET_PEER_MAC1
                0x0300a52c       0x74 icomlib.a(drv_mac.o)
                0x0300a52c                SET_PEER_MAC1
 .text.GET_PEER_MAC1
                0x0300a5a0       0x4c icomlib.a(drv_mac.o)
                0x0300a5a0                GET_PEER_MAC1
 .text.SET_MRX_MCAST_TB0
                0x0300a5ec       0x74 icomlib.a(drv_mac.o)
                0x0300a5ec                SET_MRX_MCAST_TB0
 .text.GET_MRX_MCAST_TB0
                0x0300a660       0x4c icomlib.a(drv_mac.o)
                0x0300a660                GET_MRX_MCAST_TB0
 .text.SET_MRX_MCAST_TB1
                0x0300a6ac       0x74 icomlib.a(drv_mac.o)
                0x0300a6ac                SET_MRX_MCAST_TB1
 .text.GET_MRX_MCAST_TB1
                0x0300a720       0x4c icomlib.a(drv_mac.o)
                0x0300a720                GET_MRX_MCAST_TB1
 .text.SET_MRX_MCAST_TB2
                0x0300a76c       0x74 icomlib.a(drv_mac.o)
                0x0300a76c                SET_MRX_MCAST_TB2
 .text.GET_MRX_MCAST_TB2
                0x0300a7e0       0x4c icomlib.a(drv_mac.o)
                0x0300a7e0                GET_MRX_MCAST_TB2
 .text.SET_MRX_MCAST_TB3
                0x0300a82c       0x74 icomlib.a(drv_mac.o)
                0x0300a82c                SET_MRX_MCAST_TB3
 .text.GET_MRX_MCAST_TB3
                0x0300a8a0       0x4c icomlib.a(drv_mac.o)
                0x0300a8a0                GET_MRX_MCAST_TB3
 .text.SET_MRX_MCAST_MASK0
                0x0300a8ec       0x74 icomlib.a(drv_mac.o)
                0x0300a8ec                SET_MRX_MCAST_MASK0
 .text.GET_MRX_MCAST_MASK0
                0x0300a960       0x4c icomlib.a(drv_mac.o)
                0x0300a960                GET_MRX_MCAST_MASK0
 .text.SET_MRX_MCAST_MASK1
                0x0300a9ac       0x74 icomlib.a(drv_mac.o)
                0x0300a9ac                SET_MRX_MCAST_MASK1
 .text.GET_MRX_MCAST_MASK1
                0x0300aa20       0x4c icomlib.a(drv_mac.o)
                0x0300aa20                GET_MRX_MCAST_MASK1
 .text.SET_MRX_MCAST_MASK2
                0x0300aa6c       0x74 icomlib.a(drv_mac.o)
                0x0300aa6c                SET_MRX_MCAST_MASK2
 .text.GET_MRX_MCAST_MASK2
                0x0300aae0       0x4c icomlib.a(drv_mac.o)
                0x0300aae0                GET_MRX_MCAST_MASK2
 .text.SET_MRX_MCAST_MASK3
                0x0300ab2c       0x74 icomlib.a(drv_mac.o)
                0x0300ab2c                SET_MRX_MCAST_MASK3
 .text.GET_MRX_MCAST_MASK3
                0x0300aba0       0x4c icomlib.a(drv_mac.o)
                0x0300aba0                GET_MRX_MCAST_MASK3
 .text.SET_BA_TA
                0x0300abec       0x74 icomlib.a(drv_mac.o)
                0x0300abec                SET_BA_TA
 .text.GET_BA_TA
                0x0300ac60       0x4c icomlib.a(drv_mac.o)
                0x0300ac60                GET_BA_TA
 .text.SET_ACK_GEN_RA
                0x0300acac       0x74 icomlib.a(drv_mac.o)
                0x0300acac                SET_ACK_GEN_RA
 .text.GET_ACK_GEN_RA
                0x0300ad20       0x4c icomlib.a(drv_mac.o)
                0x0300ad20                GET_ACK_GEN_RA
 .text          0x0300ad6c        0x0 icomlib.a(drv_phy.o)
 .text.rg_idacai_pgag0_load
                0x0300ad6c       0x1c icomlib.a(drv_phy.o)
                0x0300ad6c                rg_idacai_pgag0_load
 .text.rg_idacai_pgag1_load
                0x0300ad88       0x1c icomlib.a(drv_phy.o)
                0x0300ad88                rg_idacai_pgag1_load
 .text.rg_idacai_pgag2_load
                0x0300ada4       0x1c icomlib.a(drv_phy.o)
                0x0300ada4                rg_idacai_pgag2_load
 .text.rg_idacai_pgag3_load
                0x0300adc0       0x1c icomlib.a(drv_phy.o)
                0x0300adc0                rg_idacai_pgag3_load
 .text.rg_idacai_pgag4_load
                0x0300addc       0x1c icomlib.a(drv_phy.o)
                0x0300addc                rg_idacai_pgag4_load
 .text.rg_idacai_pgag5_load
                0x0300adf8       0x1c icomlib.a(drv_phy.o)
                0x0300adf8                rg_idacai_pgag5_load
 .text.rg_idacai_pgag6_load
                0x0300ae14       0x1c icomlib.a(drv_phy.o)
                0x0300ae14                rg_idacai_pgag6_load
 .text.rg_idacai_pgag7_load
                0x0300ae30       0x1c icomlib.a(drv_phy.o)
                0x0300ae30                rg_idacai_pgag7_load
 .text.rg_idacai_pgag8_load
                0x0300ae4c       0x1c icomlib.a(drv_phy.o)
                0x0300ae4c                rg_idacai_pgag8_load
 .text.rg_idacai_pgag9_load
                0x0300ae68       0x1c icomlib.a(drv_phy.o)
                0x0300ae68                rg_idacai_pgag9_load
 .text.rg_idacai_pgag10_load
                0x0300ae84       0x1c icomlib.a(drv_phy.o)
                0x0300ae84                rg_idacai_pgag10_load
 .text.rg_idacai_pgag11_load
                0x0300aea0       0x1c icomlib.a(drv_phy.o)
                0x0300aea0                rg_idacai_pgag11_load
 .text.rg_idacai_pgag12_load
                0x0300aebc       0x1c icomlib.a(drv_phy.o)
                0x0300aebc                rg_idacai_pgag12_load
 .text.rg_idacai_pgag13_load
                0x0300aed8       0x1c icomlib.a(drv_phy.o)
                0x0300aed8                rg_idacai_pgag13_load
 .text.rg_idacai_pgag14_load
                0x0300aef4       0x1c icomlib.a(drv_phy.o)
                0x0300aef4                rg_idacai_pgag14_load
 .text.rg_idacai_pgag15_load
                0x0300af10       0x1c icomlib.a(drv_phy.o)
                0x0300af10                rg_idacai_pgag15_load
 .text.rg_idacaq_pgag0_load
                0x0300af2c       0x1c icomlib.a(drv_phy.o)
                0x0300af2c                rg_idacaq_pgag0_load
 .text.rg_idacaq_pgag1_load
                0x0300af48       0x1c icomlib.a(drv_phy.o)
                0x0300af48                rg_idacaq_pgag1_load
 .text.rg_idacaq_pgag2_load
                0x0300af64       0x1c icomlib.a(drv_phy.o)
                0x0300af64                rg_idacaq_pgag2_load
 .text.rg_idacaq_pgag3_load
                0x0300af80       0x1c icomlib.a(drv_phy.o)
                0x0300af80                rg_idacaq_pgag3_load
 .text.rg_idacaq_pgag4_load
                0x0300af9c       0x1c icomlib.a(drv_phy.o)
                0x0300af9c                rg_idacaq_pgag4_load
 .text.rg_idacaq_pgag5_load
                0x0300afb8       0x1c icomlib.a(drv_phy.o)
                0x0300afb8                rg_idacaq_pgag5_load
 .text.rg_idacaq_pgag6_load
                0x0300afd4       0x1c icomlib.a(drv_phy.o)
                0x0300afd4                rg_idacaq_pgag6_load
 .text.rg_idacaq_pgag7_load
                0x0300aff0       0x1c icomlib.a(drv_phy.o)
                0x0300aff0                rg_idacaq_pgag7_load
 .text.rg_idacaq_pgag8_load
                0x0300b00c       0x1c icomlib.a(drv_phy.o)
                0x0300b00c                rg_idacaq_pgag8_load
 .text.rg_idacaq_pgag9_load
                0x0300b028       0x1c icomlib.a(drv_phy.o)
                0x0300b028                rg_idacaq_pgag9_load
 .text.rg_idacaq_pgag10_load
                0x0300b044       0x1c icomlib.a(drv_phy.o)
                0x0300b044                rg_idacaq_pgag10_load
 .text.rg_idacaq_pgag11_load
                0x0300b060       0x1c icomlib.a(drv_phy.o)
                0x0300b060                rg_idacaq_pgag11_load
 .text.rg_idacaq_pgag12_load
                0x0300b07c       0x1c icomlib.a(drv_phy.o)
                0x0300b07c                rg_idacaq_pgag12_load
 .text.rg_idacaq_pgag13_load
                0x0300b098       0x1c icomlib.a(drv_phy.o)
                0x0300b098                rg_idacaq_pgag13_load
 .text.rg_idacaq_pgag14_load
                0x0300b0b4       0x1c icomlib.a(drv_phy.o)
                0x0300b0b4                rg_idacaq_pgag14_load
 .text.rg_idacaq_pgag15_load
                0x0300b0d0       0x1c icomlib.a(drv_phy.o)
                0x0300b0d0                rg_idacaq_pgag15_load
 .text.rfreg_byxtal_load
                0x0300b0ec       0x84 icomlib.a(drv_phy.o)
                0x0300b0ec                rfreg_byxtal_load
 .text.rfreg_bych_load
                0x0300b170       0x7c icomlib.a(drv_phy.o)
                0x0300b170                rfreg_bych_load
 .text.rfreg_bypa_load
                0x0300b1ec       0x44 icomlib.a(drv_phy.o)
                0x0300b1ec                rfreg_bypa_load
 .text.drv_phy_tbl_load
                0x0300b230       0x38 icomlib.a(drv_phy.o)
                0x0300b230                drv_phy_tbl_load
 .text.drv_phy_cfgtbl_load
                0x0300b268       0x20 icomlib.a(drv_phy.o)
                0x0300b268                drv_phy_cfgtbl_load
 .text.drv_phy_wait_rdy
                0x0300b288       0x30 icomlib.a(drv_phy.o)
                0x0300b288                drv_phy_wait_rdy
 .text.drv_phy_cali_rcal
                0x0300b2b8       0x68 icomlib.a(drv_phy.o)
                0x0300b2b8                drv_phy_cali_rcal
 .text.drv_phy_cali_tssi
                0x0300b320      0x1b8 icomlib.a(drv_phy.o)
                0x0300b320                drv_phy_cali_tssi
 .text.drv_phy_temperature
                0x0300b4d8       0x90 icomlib.a(drv_phy.o)
                0x0300b4d8                drv_phy_temperature
 .text.drv_phy_cali_papd_learning
                0x0300b568      0x1ec icomlib.a(drv_phy.o)
                0x0300b568                drv_phy_cali_papd_learning
 .text.drv_phy_channel_change
                0x0300b754       0x74 icomlib.a(drv_phy.o)
                0x0300b754                drv_phy_channel_change
 .text.drv_phy_sprm
                0x0300b7c8       0x64 icomlib.a(drv_phy.o)
                0x0300b7c8                drv_phy_sprm
 .text.drv_phy_cali_txlo
                0x0300b82c      0x16c icomlib.a(drv_phy.o)
                0x0300b82c                drv_phy_cali_txlo
 .text.drv_phy_cali_txiq
                0x0300b998      0x160 icomlib.a(drv_phy.o)
                0x0300b998                drv_phy_cali_txiq
 .text.drv_phy_cali_rxrc
                0x0300baf8      0x23c icomlib.a(drv_phy.o)
                0x0300baf8                drv_phy_cali_rxrc
 .text.drv_phy_fft_enrg
                0x0300bd34       0x54 icomlib.a(drv_phy.o)
                0x0300bd34                drv_phy_fft_enrg
 .text.drv_phy_cali_rxiq_fft
                0x0300bd88      0x1a4 icomlib.a(drv_phy.o)
                0x0300bd88                drv_phy_cali_rxiq_fft
 .text.rtbl_cali_reg_rmw
                0x0300bf2c       0x28 icomlib.a(drv_phy.o)
                0x0300bf2c                rtbl_cali_reg_rmw
 .text.rtbl_cali_pre_load
                0x0300bf54       0x68 icomlib.a(drv_phy.o)
                0x0300bf54                rtbl_cali_pre_load
 .text.drv_phy_cali_rxdc
                0x0300bfbc      0x224 icomlib.a(drv_phy.o)
                0x0300bfbc                drv_phy_cali_rxdc
 .text.rtbl_cali_load
                0x0300c1e0       0x24 icomlib.a(drv_phy.o)
                0x0300c1e0                rtbl_cali_load
 .text.rtbl_cali_export
                0x0300c204       0x18 icomlib.a(drv_phy.o)
                0x0300c204                rtbl_cali_export
 .text.rtbl_cali_load_def
                0x0300c21c       0x68 icomlib.a(drv_phy.o)
                0x0300c21c                rtbl_cali_load_def
 .text.rtbl_cali_reset
                0x0300c284       0x38 icomlib.a(drv_phy.o)
                0x0300c284                rtbl_cali_reset
 .text.rtbl_cali_set
                0x0300c2bc       0x84 icomlib.a(drv_phy.o)
                0x0300c2bc                rtbl_cali_set
 .text.drv_phy_init
                0x0300c340       0x90 icomlib.a(drv_phy.o)
                0x0300c340                drv_phy_init
 .text.drv_phy_off
                0x0300c3d0       0x14 icomlib.a(drv_phy.o)
                0x0300c3d0                drv_phy_off
 .text.drv_phy_b_only
                0x0300c3e4       0x10 icomlib.a(drv_phy.o)
                0x0300c3e4                drv_phy_b_only
 .text.drv_phy_bgn
                0x0300c3f4       0x14 icomlib.a(drv_phy.o)
                0x0300c3f4                drv_phy_bgn
 .text.drv_phy_on
                0x0300c408       0x14 icomlib.a(drv_phy.o)
                0x0300c408                drv_phy_on
 .text.drv_phy_cali_ro_iqcal_o
                0x0300c41c        0xc icomlib.a(drv_phy.o)
                0x0300c41c                drv_phy_cali_ro_iqcal_o
 .text.drv_phy_cali_papd_div
                0x0300c428       0x84 icomlib.a(drv_phy.o)
                0x0300c428                drv_phy_cali_papd_div
 .text.drv_phy_cali_papd_gain_est
                0x0300c4ac      0x160 icomlib.a(drv_phy.o)
                0x0300c4ac                drv_phy_cali_papd_gain_est
 .text.drv_phy_cali_ph_wrap
                0x0300c60c       0x1c icomlib.a(drv_phy.o)
                0x0300c60c                drv_phy_cali_ph_wrap
 .text.drv_phy_cali_papd
                0x0300c628      0x5a4 icomlib.a(drv_phy.o)
                0x0300c628                drv_phy_cali_papd
 .text.drv_phy_reg_init
                0x0300cbcc       0xd0 icomlib.a(drv_phy.o)
                0x0300cbcc                drv_phy_reg_init
 .text.drv_phy_cali_rtbl_load
                0x0300cc9c       0x5c icomlib.a(drv_phy.o)
                0x0300cc9c                drv_phy_cali_rtbl_load
 .text.phy_cali_config_load
                0x0300ccf8      0x124 icomlib.a(drv_phy.o)
                0x0300ccf8                phy_cali_config_load
 .text.drv_phy_cali_rtbl_load_def
                0x0300ce1c       0x5c icomlib.a(drv_phy.o)
                0x0300ce1c                drv_phy_cali_rtbl_load_def
 .text.drv_phy_cali_rtbl_reset
                0x0300ce78       0x5c icomlib.a(drv_phy.o)
                0x0300ce78                drv_phy_cali_rtbl_reset
 .text.drv_phy_cali_rtbl_set
                0x0300ced4       0x5c icomlib.a(drv_phy.o)
                0x0300ced4                drv_phy_cali_rtbl_set
 .text.drv_phy_cali_rtbl_export
                0x0300cf30        0x4 icomlib.a(drv_phy.o)
                0x0300cf30                drv_phy_cali_rtbl_export
 .text.drv_phy_init_cali
                0x0300cf34       0xd0 icomlib.a(drv_phy.o)
                0x0300cf34                drv_phy_init_cali
 .text.drv_phy_evm_tk
                0x0300d004       0x5c icomlib.a(drv_phy.o)
                0x0300d004                drv_phy_evm_tk
 .text.drv_phy_tone_tk
                0x0300d060       0x38 icomlib.a(drv_phy.o)
                0x0300d060                drv_phy_tone_tk
 .text          0x0300d098        0x0 icomlib.a(drv_pktbuf_slow)
 .text.ssv6xxx_pbuf_dump_reg
                0x0300d098      0x6a4 icomlib.a(drv_pktbuf_slow)
                0x0300d098                ssv6xxx_pbuf_dump_reg
 .text          0x0300d73c        0x0 icomlib.a(ieee80211_mgmt.)
 .text.process_thread_scan_channel_process
                0x0300d73c       0xbc icomlib.a(ieee80211_mgmt.)
 .text.enableNmode
                0x0300d7f8       0x14 icomlib.a(ieee80211_mgmt.)
                0x0300d7f8                enableNmode
 .text.disableNmode
                0x0300d80c       0x14 icomlib.a(ieee80211_mgmt.)
                0x0300d80c                disableNmode
 .text.change_checkap_cnt
                0x0300d820       0x10 icomlib.a(ieee80211_mgmt.)
                0x0300d820                change_checkap_cnt
 .text.get_checkap_cnt
                0x0300d830       0x10 icomlib.a(ieee80211_mgmt.)
                0x0300d830                get_checkap_cnt
 .text.wificbproc
                0x0300d840       0x44 icomlib.a(ieee80211_mgmt.)
                0x0300d840                wificbproc
 .text.addAvailableIndex
                0x0300d884       0x3c icomlib.a(ieee80211_mgmt.)
                0x0300d884                addAvailableIndex
 .text.reset_AvailableIndex
                0x0300d8c0       0x14 icomlib.a(ieee80211_mgmt.)
                0x0300d8c0                reset_AvailableIndex
 .text.is_action
                0x0300d8d4       0x14 icomlib.a(ieee80211_mgmt.)
                0x0300d8d4                is_action
 .text.htinfo_detect
                0x0300d8e8       0x74 icomlib.a(ieee80211_mgmt.)
                0x0300d8e8                htinfo_detect
 .text.tx_probe_req
                0x0300d95c      0x188 icomlib.a(ieee80211_mgmt.)
                0x0300d95c                tx_probe_req
 .text.process_thread_activescan_process
                0x0300dae4      0x1e0 icomlib.a(ieee80211_mgmt.)
 .text.tx_authentication_req_seq1
                0x0300dcc4      0x168 icomlib.a(ieee80211_mgmt.)
                0x0300dcc4                tx_authentication_req_seq1
 .text.tx_authentication_req_seq3
                0x0300de2c      0x120 icomlib.a(ieee80211_mgmt.)
                0x0300de2c                tx_authentication_req_seq3
 .text.tx_deauthentication_req
                0x0300df4c       0xc4 icomlib.a(ieee80211_mgmt.)
                0x0300df4c                tx_deauthentication_req
 .text.tx_association_req
                0x0300e010      0x254 icomlib.a(ieee80211_mgmt.)
                0x0300e010                tx_association_req
 .text.tx_deassociation_req
                0x0300e264      0x108 icomlib.a(ieee80211_mgmt.)
                0x0300e264                tx_deassociation_req
 .text.tx_action_BA_rsp
                0x0300e36c       0xe4 icomlib.a(ieee80211_mgmt.)
                0x0300e36c                tx_action_BA_rsp
 .text.rx_probe_rsp
                0x0300e450      0x3dc icomlib.a(ieee80211_mgmt.)
                0x0300e450                rx_probe_rsp
 .text.rx_probe_rsp_active
                0x0300e82c       0xac icomlib.a(ieee80211_mgmt.)
                0x0300e82c                rx_probe_rsp_active
 .text.rx_authentication_rsp
                0x0300e8d8      0x1c0 icomlib.a(ieee80211_mgmt.)
                0x0300e8d8                rx_authentication_rsp
 .text.rx_association_rsp
                0x0300ea98       0x98 icomlib.a(ieee80211_mgmt.)
                0x0300ea98                rx_association_rsp
 .text.rx_action_rsp
                0x0300eb30       0x2c icomlib.a(ieee80211_mgmt.)
                0x0300eb30                rx_action_rsp
 .text.rx_disassoc_rsp
                0x0300eb5c       0x94 icomlib.a(ieee80211_mgmt.)
                0x0300eb5c                rx_disassoc_rsp
 .text.rx_deauth_rsp
                0x0300ebf0       0x94 icomlib.a(ieee80211_mgmt.)
                0x0300ebf0                rx_deauth_rsp
 .text.calculateSignalLevel
                0x0300ec84       0x44 icomlib.a(ieee80211_mgmt.)
                0x0300ec84                calculateSignalLevel
 .text.startrecordAP
                0x0300ecc8       0x14 icomlib.a(ieee80211_mgmt.)
                0x0300ecc8                startrecordAP
 .text.stoprecordAP
                0x0300ecdc       0x14 icomlib.a(ieee80211_mgmt.)
                0x0300ecdc                stoprecordAP
 .text.removeAP_fromlist
                0x0300ecf0       0xe0 icomlib.a(ieee80211_mgmt.)
                0x0300ecf0                removeAP_fromlist
 .text.bss_mgmt_reboot
                0x0300edd0       0x60 icomlib.a(ieee80211_mgmt.)
                0x0300edd0                bss_mgmt_reboot
 .text.bss_mgmt_refind_aplist_index
                0x0300ee30      0x1a0 icomlib.a(ieee80211_mgmt.)
                0x0300ee30                bss_mgmt_refind_aplist_index
 .text.process_thread_beacon_process
                0x0300efd0      0x2e4 icomlib.a(ieee80211_mgmt.)
 .text.bss_mgmt_scan
                0x0300f2b4       0x40 icomlib.a(ieee80211_mgmt.)
                0x0300f2b4                bss_mgmt_scan
 .text.bss_mgmt_scan_custom
                0x0300f2f4       0x34 icomlib.a(ieee80211_mgmt.)
                0x0300f2f4                bss_mgmt_scan_custom
 .text.bss_mgmt_connect_active
                0x0300f328      0x12c icomlib.a(ieee80211_mgmt.)
                0x0300f328                bss_mgmt_connect_active
 .text.bss_mgmt_connect
                0x0300f454       0x78 icomlib.a(ieee80211_mgmt.)
                0x0300f454                bss_mgmt_connect
 .text.bss_mgmt_reconnect
                0x0300f4cc       0x70 icomlib.a(ieee80211_mgmt.)
                0x0300f4cc                bss_mgmt_reconnect
 .text.bss_mgmt_disconnect
                0x0300f53c       0x5c icomlib.a(ieee80211_mgmt.)
                0x0300f53c                bss_mgmt_disconnect
 .text.bss_mgmt_init
                0x0300f598       0xd8 icomlib.a(ieee80211_mgmt.)
                0x0300f598                bss_mgmt_init
 .text.startscanchannel
                0x0300f670       0x34 icomlib.a(ieee80211_mgmt.)
                0x0300f670                startscanchannel
 .text.stopscanchannel
                0x0300f6a4       0x28 icomlib.a(ieee80211_mgmt.)
                0x0300f6a4                stopscanchannel
 .text.recordAP
                0x0300f6cc       0x3c icomlib.a(ieee80211_mgmt.)
                0x0300f6cc                recordAP
 .text.removeAP
                0x0300f708       0x5c icomlib.a(ieee80211_mgmt.)
                0x0300f708                removeAP
 .text.process_thread_bss_reconnect_process
                0x0300f764      0x770 icomlib.a(ieee80211_mgmt.)
 .text.bss_nslookup
                0x0300fed4       0x3c icomlib.a(ieee80211_mgmt.)
                0x0300fed4                bss_nslookup
 .text          0x0300ff10        0x0 icomlib.a(irq.o)
 .text.irq_request
                0x0300ff10      0x1c0 icomlib.a(irq.o)
                0x0300ff10                irq_request
 .text.irq_init
                0x030100d0       0xb0 icomlib.a(irq.o)
                0x030100d0                irq_init
 .text          0x03010180        0x0 icomlib.a(netstack.o)
 .text.netstack_init
                0x03010180       0x38 icomlib.a(netstack.o)
                0x03010180                netstack_init
 .text          0x030101b8        0x0 icomlib.a(wpa.o)
 .text.wpa_derive_ptk
                0x030101b8       0xf4 icomlib.a(wpa.o)
 .text.init_wpa_ctx
                0x030102ac       0x58 icomlib.a(wpa.o)
                0x030102ac                init_wpa_ctx
 .text.init_AP_wpa_ctx
                0x03010304       0xe0 icomlib.a(wpa.o)
                0x03010304                init_AP_wpa_ctx
 .text.get_oui_subtype
                0x030103e4       0x50 icomlib.a(wpa.o)
                0x030103e4                get_oui_subtype
 .text.find_group_oui
                0x03010434       0x20 icomlib.a(wpa.o)
                0x03010434                find_group_oui
 .text.find_pairwise_oui_for_autoScan
                0x03010454       0x80 icomlib.a(wpa.o)
                0x03010454                find_pairwise_oui_for_autoScan
 .text.find_pairwise_oui
                0x030104d4       0xf0 icomlib.a(wpa.o)
                0x030104d4                find_pairwise_oui
 .text.find_akm_oui
                0x030105c4       0xec icomlib.a(wpa.o)
                0x030105c4                find_akm_oui
 .text.sec80211_detect
                0x030106b0      0x14c icomlib.a(wpa.o)
                0x030106b0                sec80211_detect
 .text.sec80211_detect_for_autoScan
                0x030107fc       0xe4 icomlib.a(wpa.o)
                0x030107fc                sec80211_detect_for_autoScan
 .text.pack_wpa2
                0x030108e0       0x40 icomlib.a(wpa.o)
                0x030108e0                pack_wpa2
 .text.cal_mic  0x03010920       0x68 icomlib.a(wpa.o)
                0x03010920                cal_mic
 .text.check_mic
                0x03010988       0x74 icomlib.a(wpa.o)
                0x03010988                check_mic
 .text.decrypt_keydata
                0x030109fc       0xb4 icomlib.a(wpa.o)
                0x030109fc                decrypt_keydata
 .text.install_key
                0x03010ab0       0x9c icomlib.a(wpa.o)
                0x03010ab0                install_key
 .text.InitPacketbuffer
                0x03010b4c       0x6c icomlib.a(wpa.o)
                0x03010b4c                InitPacketbuffer
 .text.tx_wpa_2_of_4
                0x03010bb8      0x240 icomlib.a(wpa.o)
                0x03010bb8                tx_wpa_2_of_4
 .text.rx_wpa_1_of_4
                0x03010df8       0x84 icomlib.a(wpa.o)
                0x03010df8                rx_wpa_1_of_4
 .text.tx_wpa_4_of_4
                0x03010e7c      0x234 icomlib.a(wpa.o)
                0x03010e7c                tx_wpa_4_of_4
 .text.rx_wpa_3_of_4
                0x030110b0      0x1cc icomlib.a(wpa.o)
                0x030110b0                rx_wpa_3_of_4
 .text.rx_wpa_1_of_2
                0x0301127c      0x1d0 icomlib.a(wpa.o)
                0x0301127c                rx_wpa_1_of_2
 .text.tx_wpa_1_of_4
                0x0301144c       0xdc icomlib.a(wpa.o)
                0x0301144c                tx_wpa_1_of_4
 .text.rx_wpa_2_of_4
                0x03011528      0x1e0 icomlib.a(wpa.o)
                0x03011528                rx_wpa_2_of_4
 .text.tx_wpa_3_of_4
                0x03011708      0x1d8 icomlib.a(wpa.o)
                0x03011708                tx_wpa_3_of_4
 .text          0x030118e0        0x0 icomlib.a(sys_status_api.)
 .text.get_local_ipaddr
                0x030118e0       0x2c icomlib.a(sys_status_api.)
                0x030118e0                get_local_ipaddr
 .text.get_local_mac
                0x0301190c       0x44 icomlib.a(sys_status_api.)
                0x0301190c                get_local_mac
 .text.get_connectAP_mac
                0x03011950       0x38 icomlib.a(sys_status_api.)
                0x03011950                get_connectAP_mac
 .text.get_wifi_connect_status
                0x03011988       0x10 icomlib.a(sys_status_api.)
                0x03011988                get_wifi_connect_status
 .text.get_wifi_connected
                0x03011998       0x10 icomlib.a(sys_status_api.)
                0x03011998                get_wifi_connected
 .text.get_softap_sta_connected
                0x030119a8       0x3c icomlib.a(sys_status_api.)
                0x030119a8                get_softap_sta_connected
 .text.get_ap_lsit_total_num
                0x030119e4        0x4 icomlib.a(sys_status_api.)
                0x030119e4                get_ap_lsit_total_num
 .text.set_nslookup
                0x030119e8        0x4 icomlib.a(sys_status_api.)
                0x030119e8                set_nslookup
 .text.set_slink_ready_and_ack
                0x030119ec        0x4 icomlib.a(sys_status_api.)
                0x030119ec                set_slink_ready_and_ack
 .text.set_if_config
                0x030119f0       0xcc icomlib.a(sys_status_api.)
                0x030119f0                set_if_config
 .text.get_if_config
                0x03011abc       0xac icomlib.a(sys_status_api.)
                0x03011abc                get_if_config
 .text.set_wifi_config
                0x03011b68      0x1ec icomlib.a(sys_status_api.)
                0x03011b68                set_wifi_config
 .text.get_wifi_config
                0x03011d54       0xac icomlib.a(sys_status_api.)
                0x03011d54                get_wifi_config
 .text.get_ap_list
                0x03011e00       0x5c icomlib.a(sys_status_api.)
                0x03011e00                get_ap_list
 .text.get_connected_ap_info
                0x03011e5c       0x48 icomlib.a(sys_status_api.)
                0x03011e5c                get_connected_ap_info
 .text.scan_AP  0x03011ea4        0x4 icomlib.a(sys_status_api.)
                0x03011ea4                scan_AP
 .text.wifi_connect
                0x03011ea8        0x4 icomlib.a(sys_status_api.)
                0x03011ea8                wifi_connect
 .text.wifi_connect_active
                0x03011eac       0x28 icomlib.a(sys_status_api.)
                0x03011eac                wifi_connect_active
 .text.wifi_disconnect
                0x03011ed4        0x4 icomlib.a(sys_status_api.)
                0x03011ed4                wifi_disconnect
 .text.get_wifi_mode
                0x03011ed8       0x10 icomlib.a(sys_status_api.)
                0x03011ed8                get_wifi_mode
 .text.get_apmode_config
                0x03011ee8       0x9c icomlib.a(sys_status_api.)
                0x03011ee8                get_apmode_config
 .text.get_slink_mode
                0x03011f84       0x10 icomlib.a(sys_status_api.)
                0x03011f84                get_slink_mode
 .text.gConf_set_key_led_mode
                0x03011f94       0x10 icomlib.a(sys_status_api.)
                0x03011f94                gConf_set_key_led_mode
 .text.gConf_get_key_led_mode
                0x03011fa4       0x10 icomlib.a(sys_status_api.)
                0x03011fa4                gConf_get_key_led_mode
 .text          0x03011fb4        0x0 icomlib.a(arc4.o)
 .text          0x03011fb4        0x0 icomlib.a(wep.o)
 .text.crc32_le.constprop.0
                0x03011fb4       0x50 icomlib.a(wep.o)
 .text.getAuthChallengeTextLen
                0x03012004       0x10 icomlib.a(wep.o)
                0x03012004                getAuthChallengeTextLen
 .text.getAuthAlgNum
                0x03012014       0x10 icomlib.a(wep.o)
                0x03012014                getAuthAlgNum
 .text.getAuthSeqNum
                0x03012024       0x10 icomlib.a(wep.o)
                0x03012024                getAuthSeqNum
 .text.getAuthStatus
                0x03012034       0x10 icomlib.a(wep.o)
                0x03012034                getAuthStatus
 .text.SetAuthChallengeText
                0x03012044       0x30 icomlib.a(wep.o)
                0x03012044                SetAuthChallengeText
 .text.SetAuthChallengeTextLen
                0x03012074       0x18 icomlib.a(wep.o)
                0x03012074                SetAuthChallengeTextLen
 .text.SetAuthAlgNum
                0x0301208c       0x10 icomlib.a(wep.o)
                0x0301208c                SetAuthAlgNum
 .text.setAuthSeqNum
                0x0301209c       0x10 icomlib.a(wep.o)
                0x0301209c                setAuthSeqNum
 .text.setAuthStatus
                0x030120ac       0x10 icomlib.a(wep.o)
                0x030120ac                setAuthStatus
 .text.setKeyAndIV
                0x030120bc       0x48 icomlib.a(wep.o)
                0x030120bc                setKeyAndIV
 .text.saveAftEncData
                0x03012104       0x84 icomlib.a(wep.o)
                0x03012104                saveAftEncData
 .text.setBefEncData
                0x03012188       0x84 icomlib.a(wep.o)
                0x03012188                setBefEncData
 .text.getEncDecData
                0x0301220c       0xbc icomlib.a(wep.o)
                0x0301220c                getEncDecData
 .text.encDecSrcData
                0x030122c8       0xa4 icomlib.a(wep.o)
                0x030122c8                encDecSrcData
 .text.initKeyAndIV
                0x0301236c       0x2c icomlib.a(wep.o)
                0x0301236c                initKeyAndIV
 .text.randIV   0x03012398       0x3c icomlib.a(wep.o)
                0x03012398                randIV
 .text.install_wepkey
                0x030123d4       0x28 icomlib.a(wep.o)
                0x030123d4                install_wepkey
 .text.savePassToTotalKey
                0x030123fc      0x1a8 icomlib.a(wep.o)
                0x030123fc                savePassToTotalKey
 .text.initWEP  0x030125a4       0x80 icomlib.a(wep.o)
                0x030125a4                initWEP
 .text.clearParaWithWEP
                0x03012624       0x24 icomlib.a(wep.o)
                0x03012624                clearParaWithWEP
 .text          0x03012648        0x0 icomlib.a(autostart.o)
 .text.autostart_start
                0x03012648       0x24 icomlib.a(autostart.o)
                0x03012648                autostart_start
 .text.autostart_exit
                0x0301266c       0x20 icomlib.a(autostart.o)
                0x0301266c                autostart_exit
 .text          0x0301268c        0x0 icomlib.a(process.o)
 .text.process_alloc_event
                0x0301268c       0x18 icomlib.a(process.o)
                0x0301268c                process_alloc_event
 .text.check_process_in_que
                0x030126a4       0x64 icomlib.a(process.o)
                0x030126a4                check_process_in_que
 .text.process_debug
                0x03012708      0x150 icomlib.a(process.o)
                0x03012708                process_debug
 .text          0x03012858        0x0 icomlib.a(random.o)
 .text.random_init
                0x03012858        0x4 icomlib.a(random.o)
                0x03012858                random_init
 .text.random_rand
                0x0301285c       0x14 icomlib.a(random.o)
                0x0301285c                random_rand
 .text          0x03012870        0x0 icomlib.a(atcmdlib.o)
 .text.atcmdprintf
                0x03012870       0x38 icomlib.a(atcmdlib.o)
                0x03012870                atcmdprintf
 .text.atcmd_init
                0x030128a8      0x10c icomlib.a(atcmdlib.o)
                0x030128a8                atcmd_init
 .text.backecho
                0x030129b4       0x34 icomlib.a(atcmdlib.o)
                0x030129b4                backecho
 .text          0x030129e8        0x0 icomlib.a(atcmd_icomm.o)
 .text.process_thread_Cabrio_ate_process
                0x030129e8      0x13c icomlib.a(atcmd_icomm.o)
 .text.ip2int   0x03012b24       0xe4 icomlib.a(atcmd_icomm.o)
                0x03012b24                ip2int
 .text.At_RespOK
                0x03012c08       0x80 icomlib.a(atcmd_icomm.o)
                0x03012c08                At_RespOK
 .text.process_thread_wifistatus_process
                0x03012c88       0x98 icomlib.a(atcmd_icomm.o)
 .text.At_GetLocalMac
                0x03012d20       0x4c icomlib.a(atcmd_icomm.o)
                0x03012d20                At_GetLocalMac
 .text.At_GetVersion
                0x03012d6c       0x20 icomlib.a(atcmd_icomm.o)
                0x03012d6c                At_GetVersion
 .text.At_GetManufactureInfo
                0x03012d8c       0x20 icomlib.a(atcmd_icomm.o)
                0x03012d8c                At_GetManufactureInfo
 .text.At_SetWifiConfig
                0x03012dac       0xfc icomlib.a(atcmd_icomm.o)
                0x03012dac                At_SetWifiConfig
 .text.At_GetConfigure
                0x03012ea8      0x110 icomlib.a(atcmd_icomm.o)
                0x03012ea8                At_GetConfigure
 .text.At_SetIfConfigure
                0x03012fb8       0xf0 icomlib.a(atcmd_icomm.o)
                0x03012fb8                At_SetIfConfigure
 .text.At_GetNetStatus
                0x030130a8       0x30 icomlib.a(atcmd_icomm.o)
                0x030130a8                At_GetNetStatus
 .text.At_Ping  0x030130d8       0x74 icomlib.a(atcmd_icomm.o)
                0x030130d8                At_Ping
 .text.At_Help  0x0301314c      0x2b8 icomlib.a(atcmd_icomm.o)
                0x0301314c                At_Help
 .text.At_GetApStatus
                0x03013404       0xa4 icomlib.a(atcmd_icomm.o)
                0x03013404                At_GetApStatus
 .text.At_GetSoftapStatus
                0x030134a8      0x1ac icomlib.a(atcmd_icomm.o)
                0x030134a8                At_GetSoftapStatus
 .text.At_GetWifiStatus
                0x03013654      0x300 icomlib.a(atcmd_icomm.o)
                0x03013654                At_GetWifiStatus
 .text.At_GetMRX
                0x03013954      0x130 icomlib.a(atcmd_icomm.o)
                0x03013954                At_GetMRX
 .text.At_TestMemRead
                0x03013a84       0x54 icomlib.a(atcmd_icomm.o)
                0x03013a84                At_TestMemRead
 .text.At_TestMemInfo
                0x03013ad8       0xd4 icomlib.a(atcmd_icomm.o)
                0x03013ad8                At_TestMemInfo
 .text.At_MboxDump
                0x03013bac       0x14 icomlib.a(atcmd_icomm.o)
                0x03013bac                At_MboxDump
 .text.At_PbufDump
                0x03013bc0       0x10 icomlib.a(atcmd_icomm.o)
                0x03013bc0                At_PbufDump
 .text.At_WifiReset
                0x03013bd0       0x10 icomlib.a(atcmd_icomm.o)
                0x03013bd0                At_WifiReset
 .text.At_GetIPconf
                0x03013be0       0xcc icomlib.a(atcmd_icomm.o)
                0x03013be0                At_GetIPconf
 .text.At_NetScan
                0x03013cac       0x14 icomlib.a(atcmd_icomm.o)
                0x03013cac                At_NetScan
 .text.At_NetScan_Custom
                0x03013cc0       0x90 icomlib.a(atcmd_icomm.o)
                0x03013cc0                At_NetScan_Custom
 .text.At_Connect
                0x03013d50       0x14 icomlib.a(atcmd_icomm.o)
                0x03013d50                At_Connect
 .text.At_ReConnect
                0x03013d64       0x14 icomlib.a(atcmd_icomm.o)
                0x03013d64                At_ReConnect
 .text.At_Disconnect
                0x03013d78       0x10 icomlib.a(atcmd_icomm.o)
                0x03013d78                At_Disconnect
 .text.At_POWERSAVE
                0x03013d88       0x30 icomlib.a(atcmd_icomm.o)
                0x03013d88                At_POWERSAVE
 .text.At_WriteReg32
                0x03013db8       0x78 icomlib.a(atcmd_icomm.o)
                0x03013db8                At_WriteReg32
 .text.At_ReadReg32
                0x03013e30       0x44 icomlib.a(atcmd_icomm.o)
                0x03013e30                At_ReadReg32
 .text.At_SetChannel
                0x03013e74       0x40 icomlib.a(atcmd_icomm.o)
                0x03013e74                At_SetChannel
 .text.At_GetRfStatus
                0x03013eb4      0x18c icomlib.a(atcmd_icomm.o)
                0x03013eb4                At_GetRfStatus
 .text.At_ShowRfCommand
                0x03014040      0x24c icomlib.a(atcmd_icomm.o)
                0x03014040                At_ShowRfCommand
 .text.AT_RemoveCfsConf
                0x0301428c        0x4 icomlib.a(atcmd_icomm.o)
                0x0301428c                AT_RemoveCfsConf
 .text.At_bmode_count
                0x03014290       0x44 icomlib.a(atcmd_icomm.o)
                0x03014290                At_bmode_count
 .text.At_bmode_reset
                0x030142d4       0x1c icomlib.a(atcmd_icomm.o)
                0x030142d4                At_bmode_reset
 .text.At_gmode_count
                0x030142f0       0x48 icomlib.a(atcmd_icomm.o)
                0x030142f0                At_gmode_count
 .text.At_gmode_reset
                0x03014338       0x20 icomlib.a(atcmd_icomm.o)
                0x03014338                At_gmode_reset
 .text.At_filter_reset
                0x03014358      0x14c icomlib.a(atcmd_icomm.o)
                0x03014358                At_filter_reset
 .text.At_filter_count
                0x030144a4       0x40 icomlib.a(atcmd_icomm.o)
                0x030144a4                At_filter_count
 .text.At_set_rateindex
                0x030144e4       0x38 icomlib.a(atcmd_icomm.o)
                0x030144e4                At_set_rateindex
 .text.at_cmd_start
                0x0301451c       0x1c icomlib.a(atcmd_icomm.o)
                0x0301451c                at_cmd_start
 .text.at_cmd_exit
                0x03014538       0x18 icomlib.a(atcmd_icomm.o)
                0x03014538                at_cmd_exit
 .text          0x03014550        0x0 icomlib.a(console.o)
 .text.console_init
                0x03014550       0x24 icomlib.a(console.o)
                0x03014550                console_init
 .text          0x03014574        0x0 icomlib.a(drv_pmu.o)
 .text.drv_pmu_tu0
                0x03014574       0x60 icomlib.a(drv_pmu.o)
                0x03014574                drv_pmu_tu0
 .text.drv_pmu_tm0
                0x030145d4       0x60 icomlib.a(drv_pmu.o)
                0x030145d4                drv_pmu_tm0
 .text.drv_pmu_check_interupt_event
                0x03014634       0x20 icomlib.a(drv_pmu.o)
                0x03014634                drv_pmu_check_interupt_event
 .text          0x03014654        0x0 icomlib.a(drv_timer.o)
 .text.hwtmr_stop
                0x03014654       0x20 icomlib.a(drv_timer.o)
                0x03014654                hwtmr_stop
 .text.hwtmr_start
                0x03014674       0x34 icomlib.a(drv_timer.o)
                0x03014674                hwtmr_start
 .text.hwtmr_init
                0x030146a8       0x2c icomlib.a(drv_timer.o)
                0x030146a8                hwtmr_init
 .text          0x030146d4        0x0 icomlib.a(drv_wdog.o)
 .text.drv_wdog_reboot
                0x030146d4       0x48 icomlib.a(drv_wdog.o)
                0x030146d4                drv_wdog_reboot
 .text.drv_wdog_period_5000ms
                0x0301471c       0x50 icomlib.a(drv_wdog.o)
                0x0301471c                drv_wdog_period_5000ms
 .text.drv_wdog_period_10000ms
                0x0301476c       0x50 icomlib.a(drv_wdog.o)
                0x0301476c                drv_wdog_period_10000ms
 .text.drv_wdog_period_cutommed
                0x030147bc       0x48 icomlib.a(drv_wdog.o)
                0x030147bc                drv_wdog_period_cutommed
 .text.drv_wdog_stop
                0x03014804       0x40 icomlib.a(drv_wdog.o)
                0x03014804                drv_wdog_stop
 .text          0x03014844        0x0 icomlib.a(fence.o)
 .text.do_fence
                0x03014844       0x1c icomlib.a(fence.o)
                0x03014844                do_fence
 .text.fence_init
                0x03014860       0x28 icomlib.a(fence.o)
                0x03014860                fence_init
 .text          0x03014888        0x0 icomlib.a(smartComm.o)
 .text.SmartSetChannel
                0x03014888       0x18 icomlib.a(smartComm.o)
                0x03014888                SmartSetChannel
 .text.clear_mac_bssid
                0x030148a0       0x2c icomlib.a(smartComm.o)
                0x030148a0                clear_mac_bssid
 .text.get_now_channel
                0x030148cc       0x10 icomlib.a(smartComm.o)
                0x030148cc                get_now_channel
 .text.get_smart_timer
                0x030148dc       0x10 icomlib.a(smartComm.o)
                0x030148dc                get_smart_timer
 .text.set_smart_timer
                0x030148ec       0x10 icomlib.a(smartComm.o)
                0x030148ec                set_smart_timer
 .text.check_beacon
                0x030148fc       0x10 icomlib.a(smartComm.o)
                0x030148fc                check_beacon
 .text.smart_set_ssid_pass
                0x0301490c       0xb4 icomlib.a(smartComm.o)
                0x0301490c                smart_set_ssid_pass
 .text.set_slink_ready_ack
                0x030149c0       0x10 icomlib.a(smartComm.o)
                0x030149c0                set_slink_ready_ack
 .text.enableSmartHwFilter
                0x030149d0      0x220 icomlib.a(smartComm.o)
                0x030149d0                enableSmartHwFilter
 .text.disableSmartHwFilter
                0x03014bf0      0x248 icomlib.a(smartComm.o)
                0x03014bf0                disableSmartHwFilter
 .text.setSmartCmdStatus
                0x03014e38       0x1c icomlib.a(smartComm.o)
                0x03014e38                setSmartCmdStatus
 .text.disableSendToPhone
                0x03014e54       0x14 icomlib.a(smartComm.o)
                0x03014e54                disableSendToPhone
 .text.getSendToPhoneStatus
                0x03014e68       0x10 icomlib.a(smartComm.o)
                0x03014e68                getSendToPhoneStatus
 .text.enableSendToPhoneData
                0x03014e78       0x14 icomlib.a(smartComm.o)
                0x03014e78                enableSendToPhoneData
 .text.disableSendToPhoneData
                0x03014e8c       0x14 icomlib.a(smartComm.o)
                0x03014e8c                disableSendToPhoneData
 .text.setSmartPhoneIP
                0x03014ea0       0x18 icomlib.a(smartComm.o)
                0x03014ea0                setSmartPhoneIP
 .text.getPhoneMac
                0x03014eb8       0x10 icomlib.a(smartComm.o)
                0x03014eb8                getPhoneMac
 .text.setPhoneMAC
                0x03014ec8       0x18 icomlib.a(smartComm.o)
                0x03014ec8                setPhoneMAC
 .text.setPhoneData
                0x03014ee0       0x20 icomlib.a(smartComm.o)
                0x03014ee0                setPhoneData
 .text.sendMessageToPhone
                0x03014f00      0x124 icomlib.a(smartComm.o)
                0x03014f00                sendMessageToPhone
 .text.process_thread_smart_conf_ack
                0x03015024       0x64 icomlib.a(smartComm.o)
 .text.smartSetIfconfigAndConnect
                0x03015088       0x38 icomlib.a(smartComm.o)
                0x03015088                smartSetIfconfigAndConnect
 .text.smartSetIfconfigAndHideAPConnect
                0x030150c0       0x7c icomlib.a(smartComm.o)
                0x030150c0                smartSetIfconfigAndHideAPConnect
 .text.checkAndConnAP
                0x0301513c      0x100 icomlib.a(smartComm.o)
                0x0301513c                checkAndConnAP
 .text          0x0301523c        0x0 icomlib.a(ssv_lib_slow.o)
 .text.mac_atoi
                0x0301523c       0x44 icomlib.a(ssv_lib_slow.o)
                0x0301523c                mac_atoi
 .text.dbg_dump_reg_pc
                0x03015280       0x10 icomlib.a(ssv_lib_slow.o)
                0x03015280                dbg_dump_reg_pc
 .text.dbg_dump_reg_sp
                0x03015290       0x10 icomlib.a(ssv_lib_slow.o)
                0x03015290                dbg_dump_reg_sp
 .text.dbg_dump_reg_cpsr
                0x030152a0       0xa0 icomlib.a(ssv_lib_slow.o)
                0x030152a0                dbg_dump_reg_cpsr
 .text.dbg_dump_binary
                0x03015340       0x78 icomlib.a(ssv_lib_slow.o)
                0x03015340                dbg_dump_binary
 .text.dbg_dump_instruction
                0x030153b8       0x80 icomlib.a(ssv_lib_slow.o)
                0x030153b8                dbg_dump_instruction
 .text.dbg_dump_mac
                0x03015438       0x48 icomlib.a(ssv_lib_slow.o)
                0x03015438                dbg_dump_mac
 .text.dbg_dump_ip
                0x03015480       0x38 icomlib.a(ssv_lib_slow.o)
                0x03015480                dbg_dump_ip
 .text          0x030154b8        0x0 icomlib.a(swpwm.o)
 .text.initSwPWM
                0x030154b8       0x28 icomlib.a(swpwm.o)
                0x030154b8                initSwPWM
 .text.pwm_unregister
                0x030154e0       0xa0 icomlib.a(swpwm.o)
                0x030154e0                pwm_unregister
 .text.disableSwPWM
                0x03015580       0x34 icomlib.a(swpwm.o)
                0x03015580                disableSwPWM
 .text.pwm_register
                0x030155b4       0xe4 icomlib.a(swpwm.o)
                0x030155b4                pwm_register
 .text.enableSwPWM
                0x03015698       0x6c icomlib.a(swpwm.o)
                0x03015698                enableSwPWM
 .text          0x03015704        0x0 icomlib.a(userSmart.o)
 .text.SET_FILTER_TABLE0
                0x03015704       0x68 icomlib.a(userSmart.o)
                0x03015704                SET_FILTER_TABLE0
 .text.SET_FILTER_TABLE1
                0x0301576c       0x88 icomlib.a(userSmart.o)
                0x0301576c                SET_FILTER_TABLE1
 .text.SET_FILTER_TABLE2
                0x030157f4       0xa0 icomlib.a(userSmart.o)
                0x030157f4                SET_FILTER_TABLE2
 .text.SET_FILTER_TABLE3
                0x03015894       0xc4 icomlib.a(userSmart.o)
                0x03015894                SET_FILTER_TABLE3
 .text.rejectAllFrame
                0x03015958      0x20c icomlib.a(userSmart.o)
                0x03015958                rejectAllFrame
 .text.AutoScanAP
                0x03015b64        0x4 icomlib.a(userSmart.o)
                0x03015b64                AutoScanAP
 .text.userSmartSetChannel
                0x03015b68       0x38 icomlib.a(userSmart.o)
                0x03015b68                userSmartSetChannel
 .text.SetUserReceFilter
                0x03015ba0       0x48 icomlib.a(userSmart.o)
                0x03015ba0                SetUserReceFilter
 .text.EnableUserReceFilter
                0x03015be8       0xa4 icomlib.a(userSmart.o)
                0x03015be8                EnableUserReceFilter
 .text.DisableUserReceFilter
                0x03015c8c       0x3c icomlib.a(userSmart.o)
                0x03015c8c                DisableUserReceFilter
 .text.SetCallBackFunction
                0x03015cc8       0x10 icomlib.a(userSmart.o)
                0x03015cc8                SetCallBackFunction
 .text.EnableCallBackFrame
                0x03015cd8       0x38 icomlib.a(userSmart.o)
                0x03015cd8                EnableCallBackFrame
 .text.DisableCallBackFrame
                0x03015d10       0x18 icomlib.a(userSmart.o)
                0x03015d10                DisableCallBackFrame
 .text.EnableUserSmartMode
                0x03015d28       0xa8 icomlib.a(userSmart.o)
                0x03015d28                EnableUserSmartMode
 .text.DisableUserSmartMode
                0x03015dd0      0x11c icomlib.a(userSmart.o)
                0x03015dd0                DisableUserSmartMode
 .text          0x03015eec        0x0 icomlib.a(hash_alg.o)
 .text          0x03015eec        0x0 icomlib.a(hmac_md5.o)
 .text          0x03015eec        0x0 icomlib.a(hmac_sha1.o)
 .text          0x03015eec        0x0 icomlib.a(ieee80211_mac.o)
 .text.off      0x03015eec       0x18 icomlib.a(ieee80211_mac.o)
 .text.channel_check_interval
                0x03015f04        0x8 icomlib.a(ieee80211_mac.o)
 .text.init     0x03015f0c       0x14 icomlib.a(ieee80211_mac.o)
 .text.on       0x03015f20       0x1c icomlib.a(ieee80211_mac.o)
 .text.dump_data
                0x03015f3c       0x64 icomlib.a(ieee80211_mac.o)
                0x03015f3c                dump_data
 .text.data_decryt
                0x03015fa0       0x80 icomlib.a(ieee80211_mac.o)
                0x03015fa0                data_decryt
 .text          0x03016020        0x0 icomlib.a(sha1.o)
 .text          0x03016020        0x0 icomlib.a(md5.o)
 .text.Encode   0x03016020       0x48 icomlib.a(md5.o)
 .text.MD5Transform
                0x03016068      0xa54 icomlib.a(md5.o)
 .text          0x03016abc        0x0 icomlib.a(shell-ping.o)
 .text.send_ping
                0x03016abc      0x164 icomlib.a(shell-ping.o)
 .text.process_thread_shell_ping_process
                0x03016c20      0x108 icomlib.a(shell-ping.o)
 .text.send_gateway_ping
                0x03016d28        0xc icomlib.a(shell-ping.o)
                0x03016d28                send_gateway_ping
 .text.ping_start
                0x03016d34       0x10 icomlib.a(shell-ping.o)
                0x03016d34                ping_start
 .text          0x03016d44        0x0 icomlib.a(drv_fence.o)
 .text.hwfence_init
                0x03016d44       0x1c icomlib.a(drv_fence.o)
                0x03016d44                hwfence_init
 .text.hwfence_start
                0x03016d60       0x14 icomlib.a(drv_fence.o)
                0x03016d60                hwfence_start
 .text          0x03016d74        0x0 icomlib.a(drv_gpio.o)
 .text.get_PAD_Addr
                0x03016d74       0x28 icomlib.a(drv_gpio.o)
                0x03016d74                get_PAD_Addr
 .text.drv_gpio_Output
                0x03016d9c      0x1e4 icomlib.a(drv_gpio.o)
                0x03016d9c                drv_gpio_Output
 .text.drv_gpio_Input
                0x03016f80       0x88 icomlib.a(drv_gpio.o)
                0x03016f80                drv_gpio_Input
 .text.drv_gpio_write
                0x03017008       0x40 icomlib.a(drv_gpio.o)
                0x03017008                drv_gpio_write
 .text.drv_gpio_read
                0x03017048       0x34 icomlib.a(drv_gpio.o)
                0x03017048                drv_gpio_read
 .text.drv_gpio_set_irq
                0x0301707c      0x118 icomlib.a(drv_gpio.o)
                0x0301707c                drv_gpio_set_irq
 .text.drv_gpio_func
                0x03017194      0x1e8 icomlib.a(drv_gpio.o)
                0x03017194                drv_gpio_func
 .text          0x0301737c        0x0 icomlib.a(gpio_api.o)
 .text.pinMode  0x0301737c       0x44 icomlib.a(gpio_api.o)
                0x0301737c                pinMode
 .text.digitalWrite
                0x030173c0       0x10 icomlib.a(gpio_api.o)
                0x030173c0                digitalWrite
 .text.digitalRead
                0x030173d0        0x4 icomlib.a(gpio_api.o)
                0x030173d0                digitalRead
 .text.gpio_irq_enable
                0x030173d4       0x40 icomlib.a(gpio_api.o)
                0x030173d4                gpio_irq_enable
 .text.gpio_irq_disable
                0x03017414       0x10 icomlib.a(gpio_api.o)
                0x03017414                gpio_irq_disable
 .text          0x03017424        0x0 icomlib.a(drv_mbox.o)
 .text.drv_mailbox_cpu_pri_ff
                0x03017424       0x30 icomlib.a(drv_mbox.o)
                0x03017424                drv_mailbox_cpu_pri_ff
 .text          0x03017454        0x0 icomlib.a(EAPOL.o)
 .text.rx_process_wpa
                0x03017454      0x180 icomlib.a(EAPOL.o)
                0x03017454                rx_process_wpa
 .text.rx_process_eapol
                0x030175d4      0x1a8 icomlib.a(EAPOL.o)
                0x030175d4                rx_process_eapol
 .text.tx_eapol_start_req
                0x0301777c        0x4 icomlib.a(EAPOL.o)
                0x0301777c                tx_eapol_start_req
 .text          0x03017780        0x0 icomapps.a(atcmd_mqtt.o)
 .text.mqtt_event
                0x03017780       0x74 icomapps.a(atcmd_mqtt.o)
 .text.AT_MQTT_INIT
                0x030177f4       0xa0 icomapps.a(atcmd_mqtt.o)
                0x030177f4                AT_MQTT_INIT
 .text.AT_MQTT_CONNECT
                0x03017894       0x48 icomapps.a(atcmd_mqtt.o)
                0x03017894                AT_MQTT_CONNECT
 .text.AT_MQTT_SSL_CONNECT
                0x030178dc       0x74 icomapps.a(atcmd_mqtt.o)
                0x030178dc                AT_MQTT_SSL_CONNECT
 .text.AT_MQTT_DISCONNECT
                0x03017950       0x20 icomapps.a(atcmd_mqtt.o)
                0x03017950                AT_MQTT_DISCONNECT
 .text.AT_MQTT_send_buff
                0x03017970        0x4 icomapps.a(atcmd_mqtt.o)
                0x03017970                AT_MQTT_send_buff
 .text.AT_MQTT_PUBLISH
                0x03017974       0xcc icomapps.a(atcmd_mqtt.o)
                0x03017974                AT_MQTT_PUBLISH
 .text.AT_MQTT_SUBSCRIBE
                0x03017a40       0x78 icomapps.a(atcmd_mqtt.o)
                0x03017a40                AT_MQTT_SUBSCRIBE
 .text.AT_MQTT_UNSUBSCRIBE
                0x03017ab8       0x74 icomapps.a(atcmd_mqtt.o)
                0x03017ab8                AT_MQTT_UNSUBSCRIBE
 .text.AT_MQTT_AUTH
                0x03017b2c       0xa0 icomapps.a(atcmd_mqtt.o)
                0x03017b2c                AT_MQTT_AUTH
 .text.process_thread_mqtt_client_process
                0x03017bcc       0xb0 icomapps.a(atcmd_mqtt.o)
 .text.tuya_get_mqtt_alive
                0x03017c7c       0x1c icomapps.a(atcmd_mqtt.o)
                0x03017c7c                tuya_get_mqtt_alive
 .text.tuya_compare_kv
                0x03017c98       0x90 icomapps.a(atcmd_mqtt.o)
                0x03017c98                tuya_compare_kv
 .text          0x03017d28        0x0 icomapps.a(atcmd.o)
 .text.At_TCPDisconnectCurr
                0x03017d28        0x8 icomapps.a(atcmd.o)
                0x03017d28                At_TCPDisconnectCurr
 .text.At_HTTPTestStop
                0x03017d30       0x14 icomapps.a(atcmd.o)
                0x03017d30                At_HTTPTestStop
 .text.process_thread_poll_tx_process
                0x03017d44       0x6c icomapps.a(atcmd.o)
 .text.process_thread_nslookup_process
                0x03017db0       0xbc icomapps.a(atcmd.o)
 .text.At_ProcessAllQueDump
                0x03017e6c       0x34 icomapps.a(atcmd.o)
                0x03017e6c                At_ProcessAllQueDump
 .text.At_ProcessAllDump
                0x03017ea0       0x34 icomapps.a(atcmd.o)
                0x03017ea0                At_ProcessAllDump
 .text.process_thread_rf_event_process
                0x03017ed4      0x17c icomapps.a(atcmd.o)
 .text.At_EnableSmartMode
                0x03018050       0x9c icomapps.a(atcmd.o)
                0x03018050                At_EnableSmartMode
 .text.At_SAVE_CONFIG
                0x030180ec       0x20 icomapps.a(atcmd.o)
                0x030180ec                At_SAVE_CONFIG
 .text.At_EnableSmartReboot
                0x0301810c       0xb0 icomapps.a(atcmd.o)
                0x0301810c                At_EnableSmartReboot
 .text.At_Reboot
                0x030181bc       0x10 icomapps.a(atcmd.o)
                0x030181bc                At_Reboot
 .text.At_WatchDOG_Start
                0x030181cc       0x24 icomapps.a(atcmd.o)
                0x030181cc                At_WatchDOG_Start
 .text.At_WatchDOG_Stop
                0x030181f0       0x24 icomapps.a(atcmd.o)
                0x030181f0                At_WatchDOG_Stop
 .text.At_ProcessQueKill
                0x03018214       0x64 icomapps.a(atcmd.o)
                0x03018214                At_ProcessQueKill
 .text.At_ProcessKill
                0x03018278       0x64 icomapps.a(atcmd.o)
                0x03018278                At_ProcessKill
 .text.At_TCPDisconnect
                0x030182dc       0x34 icomapps.a(atcmd.o)
                0x030182dc                At_TCPDisconnect
 .text.At_UDPCreate
                0x03018310       0x60 icomapps.a(atcmd.o)
                0x03018310                At_UDPCreate
 .text.At_ShowNtpTime
                0x03018370       0x20 icomapps.a(atcmd.o)
                0x03018370                At_ShowNtpTime
 .text.At_ShowAllAP
                0x03018390      0x138 icomapps.a(atcmd.o)
                0x03018390                At_ShowAllAP
 .text.At_SetGpio
                0x030184c8       0x80 icomapps.a(atcmd.o)
                0x030184c8                At_SetGpio
 .text.At_WriteGpio
                0x03018548       0x54 icomapps.a(atcmd.o)
                0x03018548                At_WriteGpio
 .text.At_ReadGpio
                0x0301859c       0x54 icomapps.a(atcmd.o)
                0x0301859c                At_ReadGpio
 .text.At_SetPWMspecial
                0x030185f0       0x54 icomapps.a(atcmd.o)
                0x030185f0                At_SetPWMspecial
 .text.At_SetPWM
                0x03018644       0xec icomapps.a(atcmd.o)
                0x03018644                At_SetPWM
 .text.AT_SetDebugInfo
                0x03018730       0x7c icomapps.a(atcmd.o)
                0x03018730                AT_SetDebugInfo
 .text.At_TCPListen
                0x030187ac       0x50 icomapps.a(atcmd.o)
                0x030187ac                At_TCPListen
 .text.At_TCPChange_Timeout
                0x030187fc       0x70 icomapps.a(atcmd.o)
                0x030187fc                At_TCPChange_Timeout
 .text.At_TCPConnect
                0x0301886c       0xa8 icomapps.a(atcmd.o)
                0x0301886c                At_TCPConnect
 .text.At_TCPUnlisten
                0x03018914       0x68 icomapps.a(atcmd.o)
                0x03018914                At_TCPUnlisten
 .text.At_UDPSend
                0x0301897c       0xb0 icomapps.a(atcmd.o)
                0x0301897c                At_UDPSend
 .text.At_UDPClose
                0x03018a2c       0x48 icomapps.a(atcmd.o)
                0x03018a2c                At_UDPClose
 .text.At_NSLookup
                0x03018a74       0x5c icomapps.a(atcmd.o)
                0x03018a74                At_NSLookup
 .text.At_SET_AP_SSID
                0x03018ad0       0x34 icomapps.a(atcmd.o)
                0x03018ad0                At_SET_AP_SSID
 .text.At_SET_AUTO_CONNECT
                0x03018b04       0x58 icomapps.a(atcmd.o)
                0x03018b04                At_SET_AUTO_CONNECT
 .text.At_Clean_Lists
                0x03018b5c       0x10 icomapps.a(atcmd.o)
                0x03018b5c                At_Clean_Lists
 .text.At_AP    0x03018b6c       0x10 icomapps.a(atcmd.o)
                0x03018b6c                At_AP
 .text.At_DBG_LEASETIME
                0x03018b7c       0x20 icomapps.a(atcmd.o)
                0x03018b7c                At_DBG_LEASETIME
 .text.At_SET_APCONFIG
                0x03018b9c      0x1c0 icomapps.a(atcmd.o)
                0x03018b9c                At_SET_APCONFIG
 .text.At_GET_APCONFIG
                0x03018d5c       0x94 icomapps.a(atcmd.o)
                0x03018d5c                At_GET_APCONFIG
 .text.At_GET_APMODE
                0x03018df0       0x34 icomapps.a(atcmd.o)
                0x03018df0                At_GET_APMODE
 .text.At_AP_EXIT
                0x03018e24       0x10 icomapps.a(atcmd.o)
                0x03018e24                At_AP_EXIT
 .text.At_TestFlashErase
                0x03018e34       0xb4 icomapps.a(atcmd.o)
                0x03018e34                At_TestFlashErase
 .text.At_TestFlashWrite
                0x03018ee8       0x98 icomapps.a(atcmd.o)
                0x03018ee8                At_TestFlashWrite
 .text.At_BenchFlashWrite
                0x03018f80       0xf8 icomapps.a(atcmd.o)
                0x03018f80                At_BenchFlashWrite
 .text.At_TestCfsInfo
                0x03019078       0x44 icomapps.a(atcmd.o)
                0x03019078                At_TestCfsInfo
 .text.At_TestCfsLs
                0x030190bc       0x8c icomapps.a(atcmd.o)
                0x030190bc                At_TestCfsLs
 .text.At_TestCfsWrite
                0x03019148       0xdc icomapps.a(atcmd.o)
                0x03019148                At_TestCfsWrite
 .text.At_TestCfsRead
                0x03019224      0x130 icomapps.a(atcmd.o)
                0x03019224                At_TestCfsRead
 .text.At_TestCfsRemove
                0x03019354       0x3c icomapps.a(atcmd.o)
                0x03019354                At_TestCfsRemove
 .text.At_BenchFlashRead
                0x03019390       0xec icomapps.a(atcmd.o)
                0x03019390                At_BenchFlashRead
 .text.At_TestFlashRead
                0x0301947c       0x6c icomapps.a(atcmd.o)
                0x0301947c                At_TestFlashRead
 .text.At_RFCallback
                0x030194e8       0x24 icomapps.a(atcmd.o)
                0x030194e8                At_RFCallback
 .text.At_BackEcho
                0x0301950c       0x60 icomapps.a(atcmd.o)
                0x0301950c                At_BackEcho
 .text.At_OTASetServer
                0x0301956c       0x70 icomapps.a(atcmd.o)
                0x0301956c                At_OTASetServer
 .text.At_OTASetParam
                0x030195dc       0x34 icomapps.a(atcmd.o)
                0x030195dc                At_OTASetParam
 .text.At_OTAStart
                0x03019610       0x14 icomapps.a(atcmd.o)
                0x03019610                At_OTAStart
 .text.At_ShowConnectAP
                0x03019624      0x11c icomapps.a(atcmd.o)
                0x03019624                At_ShowConnectAP
 .text.allocate_buffer_in
                0x03019740       0x40 icomapps.a(atcmd.o)
                0x03019740                allocate_buffer_in
 .text.release_buffer_in
                0x03019780       0x30 icomapps.a(atcmd.o)
                0x03019780                release_buffer_in
 .text.allocate_buffer_out
                0x030197b0       0x40 icomapps.a(atcmd.o)
                0x030197b0                allocate_buffer_out
 .text.process_thread_http_request_process
                0x030197f0      0x370 icomapps.a(atcmd.o)
 .text.At_TCPSend
                0x03019b60       0xa0 icomapps.a(atcmd.o)
                0x03019b60                At_TCPSend
 .text.At_TCPSendCurr
                0x03019c00       0x50 icomapps.a(atcmd.o)
                0x03019c00                At_TCPSendCurr
 .text.At_HTTPTest
                0x03019c50      0x110 icomapps.a(atcmd.o)
                0x03019c50                At_HTTPTest
 .text.release_buffer_out
                0x03019d60       0x30 icomapps.a(atcmd.o)
                0x03019d60                release_buffer_out
 .text.parseBuff2Param
                0x03019d90       0xa8 icomapps.a(atcmd.o)
                0x03019d90                parseBuff2Param
 .text.showDataRate
                0x03019e38       0x1c icomapps.a(atcmd.o)
                0x03019e38                showDataRate
 .text.securityString
                0x03019e54       0x1c icomapps.a(atcmd.o)
                0x03019e54                securityString
 .text.securitySubString
                0x03019e70       0x1c icomapps.a(atcmd.o)
                0x03019e70                securitySubString
 .text.At_ParserRecv
                0x03019e8c       0x4c icomapps.a(atcmd.o)
                0x03019e8c                At_ParserRecv
 .text.At_RadioTest
                0x03019ed8       0x28 icomapps.a(atcmd.o)
                0x03019ed8                At_RadioTest
 .text.update_uart_config
                0x03019f00       0x1c icomapps.a(atcmd.o)
                0x03019f00                update_uart_config
 .text.At_ParserInd
                0x03019f1c       0xec icomapps.a(atcmd.o)
                0x03019f1c                At_ParserInd
 .text.At_Parser
                0x0301a008      0x230 icomapps.a(atcmd.o)
                0x0301a008                At_Parser
 .text          0x0301a238        0x0 icomapps.a(bsp_info.o)
 .text.bsp_get_boot_info
                0x0301a238       0xcc icomapps.a(bsp_info.o)
                0x0301a238                bsp_get_boot_info
 .text.get_boot_stack_fence
                0x0301a304       0x3c icomapps.a(bsp_info.o)
                0x0301a304                get_boot_stack_fence
 .text.bsp_get_mp_info
                0x0301a340      0x534 icomapps.a(bsp_info.o)
                0x0301a340                bsp_get_mp_info
 .text.bsp_get_define_info
                0x0301a874      0x148 icomapps.a(bsp_info.o)
                0x0301a874                bsp_get_define_info
 .text.bsp_get_config_info
                0x0301a9bc      0x374 icomapps.a(bsp_info.o)
                0x0301a9bc                bsp_get_config_info
 .text          0x0301ad30        0x0 icomapps.a(data_buff.o)
 .text.print_mem_pool
                0x0301ad30       0x38 icomapps.a(data_buff.o)
                0x0301ad30                print_mem_pool
 .text.print_mem_pool_array
                0x0301ad68       0x4c icomapps.a(data_buff.o)
                0x0301ad68                print_mem_pool_array
 .text.get_buff_from_mem_pool
                0x0301adb4       0x38 icomapps.a(data_buff.o)
                0x0301adb4                get_buff_from_mem_pool
 .text.reset_init_flag
                0x0301adec        0x4 icomapps.a(data_buff.o)
                0x0301adec                reset_init_flag
 .text.init_buff_queue
                0x0301adf0       0x44 icomapps.a(data_buff.o)